[chain75 12:05:45] waiting for the E3 lock to clear
[chain75 12:47:10] E3 finished
[chain75 12:47:10] rebuilding per_library.csv from whatever E3 produced
wrote /home/adeel/hostsweep/out/synthetic_manifest.csv (12 rows)
wrote /home/adeel/hostsweep/out/per_library.csv (36 rows, 0 FAILED)
[chain75 12:47:10] E7 threshold sweep on SYN-CHM13-01 SYN-CHM13-04 SYN-CHM13-07
[E7 12:47:10] SYN-CHM13-01: profiling tier already built
[E7 12:47:10] SYN-CHM13-01 H0.75_L70: already scored
[E7 12:47:10] SYN-CHM13-01 H0.75_L80: already scored
[E7 12:47:10] SYN-CHM13-01 H0.75_L90: already scored
[E7 12:47:10] SYN-CHM13-01 H0.75_L100: already scored
[E7 12:47:10] SYN-CHM13-01 H0.75_L110: already scored
[E7 12:47:10] SYN-CHM13-01 H0.80_L70: already scored
[E7 12:47:10] SYN-CHM13-01 H0.80_L80: already scored
[E7 12:47:10] SYN-CHM13-01 H0.80_L90: already scored
[E7 12:47:10] SYN-CHM13-01 H0.80_L100: already scored
[E7 12:47:10] SYN-CHM13-01 H0.80_L110: already scored
[E7 12:47:10] SYN-CHM13-01 H0.85_L70: already scored
[E7 12:47:10] SYN-CHM13-01 H0.85_L80: already scored
[E7 12:47:10] SYN-CHM13-01 H0.85_L90
[E7 12:47:34] SYN-CHM13-01 H0.85_L100
[E7 12:47:54] SYN-CHM13-01 H0.85_L110
[E7 12:48:15] SYN-CHM13-01 H0.90_L70
[E7 12:48:37] SYN-CHM13-01 H0.90_L80
[E7 12:48:57] SYN-CHM13-01 H0.90_L90
[E7 12:49:18] SYN-CHM13-01 H0.90_L100
[E7 12:49:38] SYN-CHM13-01 H0.90_L110
[E7 12:49:59] SYN-CHM13-01 H0.95_L70
[E7 12:50:21] SYN-CHM13-01 H0.95_L80
[E7 12:50:40] SYN-CHM13-01 H0.95_L90
[E7 12:51:03] SYN-CHM13-01 H0.95_L100
[E7 12:51:24] SYN-CHM13-01 H0.95_L110
[E7 12:51:48] SYN-CHM13-01: verifying cached Step 8 == a full pipeline run at H=0.85 L=90
[E7 13:02:49]   OK: full=3994940 cached=3994940
[E7 13:02:49] SYN-CHM13-04: building the profiling tier (full pipeline, once)
[E7 13:11:47] SYN-CHM13-04 H0.75_L70
[E7 13:12:08] SYN-CHM13-04 H0.75_L80
[E7 13:12:27] SYN-CHM13-04 H0.75_L90
[E7 13:12:49] SYN-CHM13-04 H0.75_L100
[E7 13:13:08] SYN-CHM13-04 H0.75_L110
[E7 13:13:28] SYN-CHM13-04 H0.80_L70
[E7 13:13:49] SYN-CHM13-04 H0.80_L80
[E7 13:14:07] SYN-CHM13-04 H0.80_L90
[E7 13:14:27] SYN-CHM13-04 H0.80_L100
[E7 13:14:46] SYN-CHM13-04 H0.80_L110
[E7 13:15:06] SYN-CHM13-04 H0.85_L70
[E7 13:15:26] SYN-CHM13-04 H0.85_L80
[E7 13:15:45] SYN-CHM13-04 H0.85_L90
[E7 13:16:06] SYN-CHM13-04 H0.85_L100
[E7 13:16:24] SYN-CHM13-04 H0.85_L110
[E7 13:16:45] SYN-CHM13-04 H0.90_L70
[E7 13:17:04] SYN-CHM13-04 H0.90_L80
[E7 13:17:24] SYN-CHM13-04 H0.90_L90
[E7 13:17:44] SYN-CHM13-04 H0.90_L100
[E7 13:18:03] SYN-CHM13-04 H0.90_L110
[E7 13:18:23] SYN-CHM13-04 H0.95_L70
[E7 13:18:41] SYN-CHM13-04 H0.95_L80
[E7 13:19:01] SYN-CHM13-04 H0.95_L90
[E7 13:19:20] SYN-CHM13-04 H0.95_L100
[E7 13:19:40] SYN-CHM13-04 H0.95_L110
[E7 13:20:00] SYN-CHM13-04: verifying cached Step 8 == a full pipeline run at H=0.85 L=90
[E7 13:30:10]   OK: full=3799007 cached=3799007
[E7 13:30:10] SYN-CHM13-07: building the profiling tier (full pipeline, once)
[E7 05:57:31] SYN-CHM13-07 H0.75_L70
[E7 05:57:49] SYN-CHM13-07 H0.75_L80
[E7 05:58:06] SYN-CHM13-07 H0.75_L90
