[wsl_run] stage=e2  repo=44f52a6  threads=8
[wsl_run] started 2026-09-07T06:40:43Z
[E2 06:40:43] downloading background genomes listed in /home/adeel/hostsweep/HostSweep/benchmark/scripts/../genomes.tsv
[E2 06:40:43]   have GCF_000005845.2 (Escherichia coli str. K-12 substr. MG1655)
[E2 06:40:43]   have GCF_000009045.1 (Bacillus subtilis subsp. subtilis str. 168)
[E2 06:40:43]   have GCF_000006945.2 (Salmonella enterica subsp. enterica serovar Typhimurium str. LT2)
[E2 06:40:43]   have GCF_000013425.1 (Staphylococcus aureus subsp. aureus NCTC 8325)
[E2 06:40:43]   have GCF_000008865.2 (Escherichia coli O157:H7 str. Sakai)
[E2 06:40:43]   have GCF_000011985.1 (Lactobacillus acidophilus NCFM)
[E2 06:40:43]   have GCF_000006765.1 (Pseudomonas aeruginosa PAO1)
[E2 06:40:43]   have GCF_000011065.1 (Bacteroides thetaiotaomicron VPI-5482)
[E2 06:40:43]   have GCF_000007525.1 (Bifidobacterium longum NCC2705)
[E2 06:40:43]   have GCF_000195955.2 (Mycobacterium tuberculosis H37Rv)
[E2 06:40:43] background reads already built
[E2 06:41:03] background pool: 2921080 pairs (largest draw is 2000000)
[E2 06:41:03] simulating human reads
[E2 06:41:03]   human_chm13 already simulated
[E2 06:41:03]   simulating human_HG00438 at 0.2x from HG00438_pri_mat_f1_v2.fna
[E2 06:45:04]   simulating human_HG00733 at 0.2x from HG00733_pri_mat_f1_v2.fna
[E2 06:51:46]   simulating human_NA19240 at 0.2x from NA19240_pri_mat_f1_v2.fna
[E2 06:57:23] mixing the panel (2 concurrent)
[E2 06:57:23]   start SYN-CHM13-01 (seed 42, chm13, fraction 0.001)
[E2 06:57:23]   start SYN-CHM13-02 (seed 43, chm13, fraction 0.005)
[E2 07:21:47]   done SYN-CHM13-01
[E2 07:21:47]   start SYN-CHM13-03 (seed 44, chm13, fraction 0.01)
[E2 07:21:47]   done SYN-CHM13-02
[E2 07:21:47]   start SYN-CHM13-04 (seed 45, chm13, fraction 0.05)
