[wsl_run] stage=han1  repo=44f52a6  threads=8
[wsl_run] started 2026-09-07T06:40:43Z
==============================================================================
HG00438  GCA_018471515.1  (Han Chinese South (CHS))
  assembly_name:   HG00438.pri.mat.f1_v2
  assembly_level:  Contig
  assembly_method: Hifiasm v. 0.14
  sequencing_tech: PacBio Sequel
  submitter:       UCSC Genomics Institute
  release_date:    2021-05-24
  bioproject:      PRJNA726273
  biosample:       SAMN17861652
  population:      Han Chinese South
  total_length:    3035719151
  measuring case composition (this streams the whole FASTA)...
  lowercase:       39.546787 %  (1200535948 bases)
  N content:       0.000000 %
  total bases:     3035735720
  lowercase consistent with NCBI repeat soft-masking (CHM13 itself is 40.27%); not evidence of gap-fill
==============================================================================
HG00733  GCA_018506975.1  (Puerto Rican (PUR))
  assembly_name:   HG00733.pri.mat.f1_v2
  assembly_level:  Scaffold
  assembly_method: Hifiasm v. 0.14
  sequencing_tech: PacBio Sequel
  submitter:       UCSC Genomics Institute
  release_date:    2021-05-26
  bioproject:      PRJNA727433
  biosample:       SAMN00006581
  population:      PUR
  total_length:    3026516595
  measuring case composition (this streams the whole FASTA)...
  lowercase:       39.333973 %  (1190455730 bases)
  N content:       0.000001 %
  total bases:     3026533161
  lowercase consistent with NCBI repeat soft-masking (CHM13 itself is 40.27%); not evidence of gap-fill
==============================================================================
NA19240  GCA_018503275.1  (Yoruban (YRI))
  assembly_name:   NA19240.pri.mat.f1_v2
  assembly_level:  Scaffold
  assembly_method: Hifiasm v. 0.14
  sequencing_tech: PacBio Sequel
  submitter:       UCSC Genomics Institute
  release_date:    2021-05-26
  bioproject:      PRJNA727341
  biosample:       SAMN03838746
  population:      Yoruban
  total_length:    3032049516
    downloading https://ftp.ncbi.nlm.nih.gov/genomes/all/GCA/018/503/275/GCA_018503275.1_NA19240.pri.mat.f1_v2/GCA_018503275.1_NA19240.pri.mat.f1_v2_genomic.fna.gz
    decompressing (0.92 GB compressed)
    wrote NA19240_pri_mat_f1_v2.fna (3.07 GB)
  measuring case composition (this streams the whole FASTA)...
  lowercase:       39.316401 %  (1192099274 bases)
  N content:       0.000001 %
  total bases:     3032066086
  lowercase consistent with NCBI repeat soft-masking (CHM13 itself is 40.27%); not evidence of gap-fill
==============================================================================

Metadata checks pass for 3 source(s): hifiasm de novo, contig/scaffold level, not Han1.
Sequence composition measured for all 3: no meaningful soft-masked content.
Wrote /home/adeel/hostsweep/bench/human_sources_provenance.json
[wsl_run] finished 2026-09-07T06:47:05Z rc=0
