Settings:
  Output files: "/home/adeel/hostsweep/miniforge3/envs/hostsweep/share/hostsweep/databases/standard/human_bt2.*.bt2"
  Line rate: 6 (line is 64 bytes)
  Lines per side: 1 (side is 64 bytes)
  Offset rate: 4 (one in 16)
  FTable chars: 10
  Strings: unpacked
  Max bucket size: default
  Max bucket size, sqrt multiplier: default
  Max bucket size, len divisor: 32
  Difference-cover sample period: 1024
  Endianness: little
  Actual local endianness: little
  Sanity checking: disabled
  Assertions: disabled
  Random seed: 0
  Sizeofs: void*:8, int:4, long:8, size_t:8
Input files DNA, FASTA:
  /home/adeel/hostsweep/miniforge3/envs/hostsweep/share/hostsweep/databases/standard/human_T2T.fasta
Reading reference sizes
  Time reading reference Renaming /home/adeel/hostsweep/miniforge3/envs/hostsweep/share/hostsweep/databases/standard/human_bt2.3.bt2.tmp to /home/adeel/hostsweep/miniforge3/envs/hostsweep/share/hostsweep/databases/standard/human_bt2.3.bt2
Renaming /home/adeel/hostsweep/miniforge3/envs/hostsweep/share/hostsweep/databases/standard/human_bt2.4.bt2.tmp to /home/adeel/hostsweep/miniforge3/envs/hostsweep/share/hostsweep/databases/standard/human_bt2.4.bt2
Renaming /home/adeel/hostsweep/miniforge3/envs/hostsweep/share/hostsweep/databases/standard/human_bt2.1.bt2.tmp to /home/adeel/hostsweep/miniforge3/envs/hostsweep/share/hostsweep/databases/standard/human_bt2.1.bt2
Renaming /home/adeel/hostsweep/miniforge3/envs/hostsweep/share/hostsweep/databases/standard/human_bt2.2.bt2.tmp to /home/adeel/hostsweep/miniforge3/envs/hostsweep/share/hostsweep/databases/standard/human_bt2.2.bt2
Renaming /home/adeel/hostsweep/miniforge3/envs/hostsweep/share/hostsweep/databases/standard/human_bt2.rev.1.bt2.tmp to /home/adeel/hostsweep/miniforge3/envs/hostsweep/share/hostsweep/databases/standard/human_bt2.rev.1.bt2
Renaming /home/adeel/hostsweep/miniforge3/envs/hostsweep/share/hostsweep/databases/standard/human_bt2.rev.2.bt2.tmp to /home/adeel/hostsweep/miniforge3/envs/hostsweep/share/hostsweep/databases/standard/human_bt2.rev.2.bt2
 time: 00:00:00
Split 2, merged 6; iterating...
Splitting and merging
  Splitting and merging time: 00:00:00
Split 2, merged 1; iterating...
Splitting and merging
  Splitting and merging time: 00:00:00
Split 2, merged 2; iterating...
Avg bucket size: 5.19546e+07 (target: 73061144)
Converting suffix-array elements to index image
Allocating ftab, absorbFtab
Entering Ebwt loop
Getting block 1 of 60
  Reserving size (73061145) for bucket 1
Getting block 3 of 60
  Reserving size (73061145) for bucket 3
Getting block 2 of 60
  Reserving size (73061145) for bucket 2
Getting block 4 of 60
  Reserving size (73061145) for bucket 4
Getting block 5 of 60
  Reserving size (73061145) for bucket 5
  Calculating Z arrays for bucket 3
  Calculating Z arrays for bucket 2
  Calculating Z arrays for bucket 1
  Calculating Z arrays for bucket 5
  Entering block accumulator loop for bucket 2:
  Entering block accumulator loop for bucket 1:
  Entering block accumulator loop for bucket 3:
  Entering block accumulator loop for bucket 5:
Getting block 6 of 60
  Reserving size (73061145) for bucket 6
Getting block 7 of 60
  Reserving size (73061145) for bucket 7
  Calculating Z arrays for bucket 4
  Entering block accumulator loop for bucket 4:
  Calculating Z arrays for bucket 6
  Entering block accumulator loop for bucket 6:
  Calculating Z arrays for bucket 7
  Entering block accumulator loop for bucket 7:
  bucket 1: 10%
  bucket 2: 10%
  bucket 3: 10%
  bucket 5: 10%
  bucket 4: 10%
  bucket 6: 10%
  bucket 7: 10%
  bucket 1: 20%
  bucket 2: 20%
  bucket 3: 20%
  bucket 5: 20%
  bucket 4: 20%
  bucket 6: 20%
  bucket 7: 20%
  bucket 1: 30%
  bucket 2: 30%
  bucket 3: 30%
  bucket 5: 30%
  bucket 4: 30%
  bucket 6: 30%
  bucket 7: 30%
  bucket 1: 40%
  bucket 2: 40%
  bucket 3: 40%
  bucket 5: 40%
  bucket 4: 40%
  bucket 6: 40%
  bucket 7: 40%
  bucket 1: 50%
  bucket 2: 50%
  bucket 3: 50%
  bucket 5: 50%
  bucket 4: 50%
  bucket 6: 50%
  bucket 1: 60%
  bucket 7: 50%
  bucket 2: 60%
  bucket 3: 60%
  bucket 5: 60%
  bucket 4: 60%
  bucket 1: 70%
  bucket 6: 60%
  bucket 2: 70%
  bucket 7: 60%
  bucket 3: 70%
  bucket 5: 70%
  bucket 4: 70%
  bucket 1: 80%
  bucket 6: 70%
  bucket 2: 80%
  bucket 7: 70%
  bucket 3: 80%
  bucket 5: 80%
  bucket 4: 80%
  bucket 1: 90%
  bucket 2: 90%
  bucket 6: 80%
  bucket 3: 90%
  bucket 7: 80%
  bucket 5: 90%
  bucket 1: 100%
  Sorting block of length 48847725 for bucket 1
  (Using difference cover)
  bucket 4: 90%
  bucket 2: 100%
  Sorting block of length 30527557 for bucket 2
  (Using difference cover)
  bucket 6: 90%
  bucket 3: 100%
  Sorting block of length 51884964 for bucket 3
  (Using difference cover)
  bucket 7: 90%
  bucket 5: 100%
  Sorting block of length 25133127 for bucket 5
  (Using difference cover)
  bucket 4: 100%
  Sorting block of length 48537248 for bucket 4
  (Using difference cover)
  bucket 6: 100%
  Sorting block of length 66467350 for bucket 6
  (Using difference cover)
  bucket 7: 100%
  Sorting block of length 39961705 for bucket 7
  (Using difference cover)
  Sorting block time: 00:00:24
Returning block of 25133128 for bucket 5
Getting block 8 of 60
  Reserving size (73061145) for bucket 8
  Calculating Z arrays for bucket 8
  Entering block accumulator loop for bucket 8:
  Sorting block time: 00:00:31
Returning block of 30527558 for bucket 2
Getting block 9 of 60
  Reserving size (73061145) for bucket 9
  Calculating Z arrays for bucket 9
  Entering block accumulator loop for bucket 9:
  bucket 8: 10%
  bucket 9: 10%
  Sorting block time: 00:00:42
Returning block of 48847726 for bucket 1
Getting block 10 of 60
  Reserving size (73061145) for bucket 10
  Calculating Z arrays for bucket 10
  Entering block accumulator loop for bucket 10:
  bucket 8: 20%
  bucket 9: 20%
  bucket 10: 10%
  bucket 8: 30%
  Sorting block time: 00:00:47
Returning block of 51884965 for bucket 3
  Sorting block time: 00:00:45
Returning block of 48537249 for bucket 4
Getting block 11 of 60
  Reserving size (73061145) for bucket 11
  Calculating Z arrays for bucket 11
  Entering block accumulator loop for bucket 11:
Getting block 12 of 60
  Reserving size (73061145) for bucket 12
  Calculating Z arrays for bucket 12
  Entering block accumulator loop for bucket 12:
  bucket 9: 30%
  Sorting block time: 00:00:42
Returning block of 39961706 for bucket 7
Getting block 13 of 60
  Reserving size (73061145) for bucket 13
  Calculating Z arrays for bucket 13
  Entering block accumulator loop for bucket 13:
  bucket 8: 40%
  bucket 10: 20%
  bucket 11: 10%
  bucket 9: 40%
  bucket 12: 10%
  bucket 13: 10%
  bucket 8: 50%
  bucket 10: 30%
  bucket 11: 20%
  bucket 9: 50%
  bucket 12: 20%
  bucket 8: 60%
  bucket 13: 20%
  bucket 10: 40%
  Sorting block time: 00:01:05
Returning block of 66467351 for bucket 6
  bucket 9: 60%
  bucket 11: 30%
  bucket 12: 30%
Getting block 14 of 60
  Reserving size (73061145) for bucket 14
  Calculating Z arrays for bucket 14
  Entering block accumulator loop for bucket 14:
  bucket 8: 70%
  bucket 13: 30%
  bucket 10: 50%
  bucket 9: 70%
  bucket 11: 40%
  bucket 8: 80%
  bucket 14: 10%
  bucket 12: 40%
  bucket 13: 40%
  bucket 10: 60%
  bucket 9: 80%
  bucket 11: 50%
  bucket 8: 90%
  bucket 14: 20%
  bucket 12: 50%
  bucket 10: 70%
  bucket 13: 50%
  bucket 9: 90%
  bucket 11: 60%
  bucket 8: 100%
  Sorting block of length 43139985 for bucket 8
  (Using difference cover)
  bucket 12: 60%
  bucket 14: 30%
  bucket 10: 80%
  bucket 13: 60%
  bucket 9: 100%
  Sorting block of length 60519790 for bucket 9
  (Using difference cover)
  bucket 11: 70%
  bucket 12: 70%
  bucket 14: 40%
  bucket 10: 90%
  bucket 13: 70%
  bucket 11: 80%
  bucket 12: 80%
  bucket 14: 50%
  bucket 10: 100%
  Sorting block of length 71836695 for bucket 10
  (Using difference cover)
  bucket 13: 80%
  bucket 11: 90%
  bucket 12: 90%
  bucket 14: 60%
  bucket 13: 90%
  bucket 11: 100%
  Sorting block of length 52213933 for bucket 11
  (Using difference cover)
  Sorting block time: 00:00:30
Returning block of 43139986 for bucket 8
  bucket 12: 100%
  Sorting block of length 70884340 for bucket 12
  (Using difference cover)
  bucket 14: 70%
Getting block 15 of 60
  Reserving size (73061145) for bucket 15
  Calculating Z arrays for bucket 15
  Entering block accumulator loop for bucket 15:
  bucket 13: 100%
  Sorting block of length 53673259 for bucket 13
  (Using difference cover)
  bucket 14: 80%
  bucket 15: 10%
  bucket 14: 90%
  bucket 15: 20%
  bucket 14: 100%
  Sorting block of length 22702751 for bucket 14
  (Using difference cover)
  bucket 15: 30%
  Sorting block time: 00:00:50
Returning block of 60519791 for bucket 9
Getting block 16 of 60
  Reserving size (73061145) for bucket 16
  Calculating Z arrays for bucket 16
  Entering block accumulator loop for bucket 16:
  bucket 15: 40%
  bucket 16: 10%
  bucket 15: 50%
  bucket 16: 20%
  Sorting block time: 00:00:47
Returning block of 52213934 for bucket 11
  Sorting block time: 00:00:21
Returning block of 22702752 for bucket 14
  bucket 15: 60%
Getting block 17 of 60
  Reserving size (73061145) for bucket 17
  Calculating Z arrays for bucket 17
  Entering block accumulator loop for bucket 17:
Getting block 18 of 60
  Reserving size (73061145) for bucket 18
  Calculating Z arrays for bucket 18
  Entering block accumulator loop for bucket 18:
  bucket 16: 30%
  Sorting block time: 00:00:48
Returning block of 53673260 for bucket 13
  Sorting block time: 00:01:03
Returning block of 71836696 for bucket 10
Getting block 19 of 60
  Reserving size (73061145) for bucket 19
  Calculating Z arrays for bucket 19
  Entering block accumulator loop for bucket 19:
  bucket 15: 70%
  bucket 17: 10%
  bucket 18: 10%
Getting block 20 of 60
  Reserving size (73061145) for bucket 20
  Calculating Z arrays for bucket 20
  Entering block accumulator loop for bucket 20:
  bucket 16: 40%
  Sorting block time: 00:01:00
Returning block of 70884341 for bucket 12
  bucket 15: 80%
  bucket 17: 20%
  bucket 18: 20%
  bucket 19: 10%
  bucket 20: 10%
Getting block 21 of 60
  Reserving size (73061145) for bucket 21
  Calculating Z arrays for bucket 21
  Entering block accumulator loop for bucket 21:
  bucket 16: 50%
  bucket 15: 90%
  bucket 17: 30%
  bucket 18: 30%
  bucket 20: 20%
  bucket 19: 20%
  bucket 21: 10%
  bucket 16: 60%
  bucket 15: 100%
  Sorting block of length 54850208 for bucket 15
  (Using difference cover)
  bucket 17: 40%
  bucket 18: 40%
  bucket 20: 30%
  bucket 21: 20%
  bucket 19: 30%
  bucket 16: 70%
  bucket 17: 50%
  bucket 18: 50%
  bucket 20: 40%
  bucket 21: 30%
  bucket 16: 80%
  bucket 19: 40%
  bucket 17: 60%
  bucket 18: 60%
  bucket 20: 50%
  bucket 16: 90%
  bucket 21: 40%
  bucket 19: 50%
  bucket 17: 70%
  bucket 18: 70%
  bucket 16: 100%
  Sorting block of length 67972534 for bucket 16
  (Using difference cover)
  bucket 20: 60%
  bucket 21: 50%
  bucket 19: 60%
  bucket 17: 80%
  bucket 18: 80%
  bucket 20: 70%
  bucket 21: 60%
  bucket 17: 90%
  bucket 19: 70%
  bucket 18: 90%
  bucket 20: 80%
  Sorting block time: 00:00:44
Returning block of 54850209 for bucket 15
  bucket 17: 100%
  Sorting block of length 19121161 for bucket 17
  (Using difference cover)
  bucket 21: 70%
Getting block 22 of 60
  Reserving size (73061145) for bucket 22
  Calculating Z arrays for bucket 22
  Entering block accumulator loop for bucket 22:
  bucket 19: 80%
  bucket 18: 100%
  Sorting block of length 66760108 for bucket 18
  (Using difference cover)
  bucket 20: 90%
  bucket 21: 80%
  bucket 22: 10%
  bucket 19: 90%
  bucket 20: 100%
  Sorting block of length 71226142 for bucket 20
  (Using difference cover)
  bucket 21: 90%
  bucket 22: 20%
  bucket 19: 100%
  Sorting block of length 68463873 for bucket 19
  (Using difference cover)
  bucket 21: 100%
  Sorting block of length 64583344 for bucket 21
  (Using difference cover)
  bucket 22: 30%
  Sorting block time: 00:00:24
Returning block of 19121162 for bucket 17
Getting block 23 of 60
  Reserving size (73061145) for bucket 23
  Calculating Z arrays for bucket 23
  Entering block accumulator loop for bucket 23:
  bucket 22: 40%
  bucket 23: 10%
  bucket 22: 50%
  bucket 23: 20%
  Sorting block time: 00:01:01
Returning block of 67972535 for bucket 16
Getting block 24 of 60
  Reserving size (73061145) for bucket 24
  Calculating Z arrays for bucket 24
  Entering block accumulator loop for bucket 24:
  bucket 22: 60%
  bucket 23: 30%
  bucket 24: 10%
  bucket 22: 70%
  bucket 23: 40%
  bucket 24: 20%
  bucket 22: 80%
  bucket 23: 50%
  bucket 24: 30%
  Sorting block time: 00:01:08
Returning block of 66760109 for bucket 18
  bucket 22: 90%
Getting block 25 of 60
  Reserving size (73061145) for bucket 25
  Calculating Z arrays for bucket 25
  Entering block accumulator loop for bucket 25:
  bucket 23: 60%
  Sorting block time: 00:00:53
Returning block of 64583345 for bucket 21
  Sorting block time: 00:01:02
Returning block of 71226143 for bucket 20
  bucket 24: 40%
  Sorting block time: 00:00:59
Returning block of 68463874 for bucket 19
Getting block 26 of 60
  Reserving size (73061145) for bucket 26
  Calculating Z arrays for bucket 26
  Entering block accumulator loop for bucket 26:
Getting block 27 of 60
  Reserving size (73061145) for bucket 27
  Calculating Z arrays for bucket 27
  Entering block accumulator loop for bucket 27:
  bucket 22: 100%
  Sorting block of length 45417709 for bucket 22
  (Using difference cover)
  bucket 25: 10%
Getting block 28 of 60
  Reserving size (73061145) for bucket 28
  Calculating Z arrays for bucket 28
  Entering block accumulator loop for bucket 28:
  bucket 23: 70%
  bucket 24: 50%
  bucket 26: 10%
  bucket 27: 10%
  bucket 25: 20%
  bucket 28: 10%
  bucket 23: 80%
  bucket 24: 60%
  bucket 27: 20%
  bucket 26: 20%
  bucket 25: 30%
  bucket 23: 90%
  bucket 28: 20%
  bucket 24: 70%
  bucket 27: 30%
  bucket 26: 30%
  bucket 25: 40%
  bucket 23: 100%
  Sorting block of length 72120146 for bucket 23
  (Using difference cover)
  bucket 28: 30%
  bucket 24: 80%
  bucket 27: 40%
  bucket 26: 40%
  bucket 25: 50%
  bucket 28: 40%
  Sorting block time: 00:00:36
Returning block of 45417710 for bucket 22
  bucket 24: 90%
Getting block 29 of 60
  Reserving size (73061145) for bucket 29
  Calculating Z arrays for bucket 29
  Entering block accumulator loop for bucket 29:
  bucket 27: 50%
  bucket 26: 50%
  bucket 25: 60%
  bucket 28: 50%
  bucket 24: 100%
  Sorting block of length 64151449 for bucket 24
  (Using difference cover)
  bucket 29: 10%
  bucket 27: 60%
  bucket 26: 60%
  bucket 25: 70%
  bucket 28: 60%
  bucket 29: 20%
  bucket 27: 70%
  bucket 25: 80%
  bucket 26: 70%
  bucket 28: 70%
  bucket 29: 30%
  bucket 27: 80%
  bucket 25: 90%
  bucket 26: 80%
  bucket 28: 80%
  bucket 29: 40%
  bucket 25: 100%
  Sorting block of length 29504881 for bucket 25
  (Using difference cover)
  bucket 27: 90%
  bucket 26: 90%
  bucket 28: 90%
  bucket 29: 50%
  bucket 27: 100%
  Sorting block of length 34574369 for bucket 27
  (Using difference cover)
  bucket 26: 100%
  Sorting block of length 64676745 for bucket 26
  (Using difference cover)
  Sorting block time: 00:00:53
Returning block of 72120147 for bucket 23
Getting block 30 of 60
  Reserving size (73061145) for bucket 30
  Calculating Z arrays for bucket 30
  Entering block accumulator loop for bucket 30:
  bucket 28: 100%
  Sorting block of length 39637721 for bucket 28
  (Using difference cover)
  bucket 29: 60%
  bucket 30: 10%
  Sorting block time: 00:00:48
Returning block of 64151450 for bucket 24
Getting block 31 of 60
  Reserving size (73061145) for bucket 31
  Calculating Z arrays for bucket 31
  Entering block accumulator loop for bucket 31:
  Sorting block time: 00:00:24
Returning block of 29504882 for bucket 25
  bucket 29: 70%
Getting block 32 of 60
  Reserving size (73061145) for bucket 32
  Calculating Z arrays for bucket 32
  Entering block accumulator loop for bucket 32:
  bucket 30: 20%
  bucket 31: 10%
  bucket 29: 80%
  bucket 32: 10%
  Sorting block time: 00:00:29
Returning block of 34574370 for bucket 27
Getting block 33 of 60
  Reserving size (73061145) for bucket 33
  Calculating Z arrays for bucket 33
  Entering block accumulator loop for bucket 33:
  bucket 30: 30%
  bucket 31: 20%
  bucket 29: 90%
  bucket 32: 20%
  bucket 33: 10%
  Sorting block time: 00:00:33
Returning block of 39637722 for bucket 28
Getting block 34 of 60
  Reserving size (73061145) for bucket 34
  Calculating Z arrays for bucket 34
  Entering block accumulator loop for bucket 34:
  bucket 31: 30%
  bucket 29: 100%
  Sorting block of length 44441480 for bucket 29
  (Using difference cover)
  bucket 30: 40%
  bucket 32: 30%
  bucket 33: 20%
  bucket 34: 10%
  bucket 31: 40%
  bucket 30: 50%
  bucket 32: 40%
  bucket 33: 30%
  bucket 34: 20%
  bucket 31: 50%
  bucket 32: 50%
  bucket 30: 60%
  Sorting block time: 00:01:00
Returning block of 64676746 for bucket 26
  bucket 33: 40%
Getting block 35 of 60
  Reserving size (73061145) for bucket 35
  Calculating Z arrays for bucket 35
  Entering block accumulator loop for bucket 35:
  bucket 34: 30%
  bucket 31: 60%
  bucket 32: 60%
  bucket 30: 70%
  Sorting block time: 00:00:29
Returning block of 44441481 for bucket 29
  bucket 33: 50%
  bucket 35: 10%
Getting block 36 of 60
  Reserving size (73061145) for bucket 36
  Calculating Z arrays for bucket 36
  Entering block accumulator loop for bucket 36:
  bucket 34: 40%
  bucket 31: 70%
  bucket 32: 70%
  bucket 30: 80%
  bucket 33: 60%
  bucket 35: 20%
  bucket 36: 10%
  bucket 34: 50%
  bucket 31: 80%
  bucket 32: 80%
  bucket 33: 70%
  bucket 30: 90%
  bucket 35: 30%
  bucket 36: 20%
  bucket 31: 90%
  bucket 34: 60%
  bucket 32: 90%
  bucket 33: 80%
  bucket 30: 100%
  Sorting block of length 69107428 for bucket 30
  (Using difference cover)
  bucket 35: 40%
  bucket 36: 30%
  bucket 31: 100%
  Sorting block of length 14059143 for bucket 31
  (Using difference cover)
  bucket 34: 70%
  bucket 32: 100%
  Sorting block of length 76900189 for bucket 32
  (Using difference cover)
  bucket 33: 90%
  bucket 35: 50%
  bucket 36: 40%
  bucket 34: 80%
  Sorting block time: 00:00:11
Returning block of 14059144 for bucket 31
Getting block 37 of 60
  Reserving size (73061145) for bucket 37
  Calculating Z arrays for bucket 37
  Entering block accumulator loop for bucket 37:
  bucket 33: 100%
  Sorting block of length 378580 for bucket 33
  (Using difference cover)
  Sorting block time: 00:00:00
Returning block of 378581 for bucket 33
Getting block 38 of 60
  Reserving size (73061145) for bucket 38
  Calculating Z arrays for bucket 38
  Entering block accumulator loop for bucket 38:
  bucket 35: 60%
  bucket 36: 50%
  bucket 34: 90%
  bucket 37: 10%
  bucket 38: 10%
  bucket 35: 70%
  bucket 36: 60%
  bucket 34: 100%
  Sorting block of length 60172900 for bucket 34
  (Using difference cover)
  bucket 38: 20%
  bucket 37: 20%
  bucket 35: 80%
  bucket 36: 70%
  bucket 38: 30%
  bucket 37: 30%
  bucket 35: 90%
  bucket 36: 80%
  Sorting block time: 00:00:45
Returning block of 69107429 for bucket 30
  bucket 38: 40%
  bucket 37: 40%
Getting block 39 of 60
  Reserving size (73061145) for bucket 39
  Calculating Z arrays for bucket 39
  Entering block accumulator loop for bucket 39:
  bucket 35: 100%
  Sorting block of length 64650998 for bucket 35
  (Using difference cover)
  bucket 36: 90%
  bucket 38: 50%
  bucket 37: 50%
  bucket 39: 10%
  bucket 36: 100%
  Sorting block of length 68963752 for bucket 36
  (Using difference cover)
  bucket 38: 60%
  bucket 37: 60%
  bucket 39: 20%
  Sorting block time: 00:00:43
Returning block of 60172901 for bucket 34
Getting block 40 of 60
  Reserving size (73061145) for bucket 40
  Calculating Z arrays for bucket 40
  Entering block accumulator loop for bucket 40:
  bucket 38: 70%
  bucket 37: 70%
  bucket 39: 30%
  Sorting block time: 00:01:09
Returning block of 76900190 for bucket 32
Getting block 41 of 60
  Reserving size (73061145) for bucket 41
  Calculating Z arrays for bucket 41
  Entering block accumulator loop for bucket 41:
  bucket 38: 80%
  bucket 40: 10%
  bucket 37: 80%
  bucket 39: 40%
  bucket 41: 10%
  bucket 38: 90%
  bucket 40: 20%
  bucket 39: 50%
  bucket 37: 90%
  bucket 41: 20%
  bucket 38: 100%
  Sorting block of length 34843787 for bucket 38
  (Using difference cover)
  bucket 40: 30%
  bucket 39: 60%
  bucket 37: 100%
  Sorting block of length 72570786 for bucket 37
  (Using difference cover)
  bucket 41: 30%
  Sorting block time: 00:00:52
Returning block of 64650999 for bucket 35
Getting block 42 of 60
  Reserving size (73061145) for bucket 42
  Calculating Z arrays for bucket 42
  Entering block accumulator loop for bucket 42:
  bucket 40: 40%
  bucket 39: 70%
  Sorting block time: 00:00:50
Returning block of 68963753 for bucket 36
  bucket 41: 40%
Getting block 43 of 60
  Reserving size (73061145) for bucket 43
  Calculating Z arrays for bucket 43
  Entering block accumulator loop for bucket 43:
  bucket 40: 50%
  bucket 42: 10%
  bucket 39: 80%
  bucket 41: 50%
  Sorting block time: 00:00:27
Returning block of 34843788 for bucket 38
Getting block 44 of 60
  Reserving size (73061145) for bucket 44
  Calculating Z arrays for bucket 44
  Entering block accumulator loop for bucket 44:
  bucket 43: 10%
  bucket 40: 60%
  bucket 42: 20%
  bucket 39: 90%
  bucket 41: 60%
  bucket 44: 10%
  bucket 40: 70%
  bucket 42: 30%
  bucket 39: 100%
  Sorting block of length 56714263 for bucket 39
  (Using difference cover)
  bucket 43: 20%
  bucket 41: 70%
  bucket 44: 20%
  bucket 40: 80%
  bucket 42: 40%
  bucket 43: 30%
  bucket 41: 80%
  bucket 44: 30%
  bucket 40: 90%
  bucket 42: 50%
  bucket 43: 40%
  bucket 41: 90%
  bucket 44: 40%
  bucket 40: 100%
  Sorting block of length 49299140 for bucket 40
  (Using difference cover)
  bucket 42: 60%
  Sorting block time: 00:01:02
Returning block of 72570787 for bucket 37
  bucket 43: 50%
Getting block 45 of 60
  Reserving size (73061145) for bucket 45
  Calculating Z arrays for bucket 45
  Entering block accumulator loop for bucket 45:
  bucket 41: 100%
  Sorting block of length 67789761 for bucket 41
  (Using difference cover)
  bucket 44: 50%
  bucket 42: 70%
  Sorting block time: 00:00:35
Returning block of 56714264 for bucket 39
Getting block 46 of 60
  Reserving size (73061145) for bucket 46
  Calculating Z arrays for bucket 46
  Entering block accumulator loop for bucket 46:
  bucket 45: 10%
  bucket 43: 60%
  bucket 44: 60%
  bucket 42: 80%
  bucket 46: 10%
  bucket 45: 20%
  bucket 43: 70%
  bucket 44: 70%
  bucket 42: 90%
  bucket 46: 20%
  bucket 45: 30%
  bucket 44: 80%
  bucket 43: 80%
  Sorting block time: 00:00:34
Returning block of 49299141 for bucket 40
  bucket 42: 100%
  Sorting block of length 22149224 for bucket 42
  (Using difference cover)
Getting block 47 of 60
  Reserving size (73061145) for bucket 47
  Calculating Z arrays for bucket 47
  Entering block accumulator loop for bucket 47:
  bucket 46: 30%
  bucket 45: 40%
  bucket 44: 90%
  bucket 43: 90%
  bucket 47: 10%
  bucket 46: 40%
  bucket 45: 50%
  bucket 44: 100%
  Sorting block of length 66790480 for bucket 44
  (Using difference cover)
  Sorting block time: 00:00:14
Returning block of 22149225 for bucket 42
Getting block 48 of 60
  Reserving size (73061145) for bucket 48
  Calculating Z arrays for bucket 48
  Entering block accumulator loop for bucket 48:
  bucket 43: 100%
  Sorting block of length 62956322 for bucket 43
  (Using difference cover)
  bucket 47: 20%
  bucket 46: 50%
  Sorting block time: 00:00:48
Returning block of 67789762 for bucket 41
  bucket 45: 60%
Getting block 49 of 60
  Reserving size (73061145) for bucket 49
  Calculating Z arrays for bucket 49
  Entering block accumulator loop for bucket 49:
  bucket 48: 10%
  bucket 47: 30%
  bucket 46: 60%
  bucket 45: 70%
  bucket 49: 10%
  bucket 48: 20%
  bucket 47: 40%
  bucket 46: 70%
  bucket 45: 80%
  bucket 49: 20%
  bucket 48: 30%
  bucket 46: 80%
  bucket 47: 50%
  bucket 45: 90%
  bucket 49: 30%
  bucket 48: 40%
  bucket 46: 90%
  bucket 47: 60%
  bucket 45: 100%
  Sorting block of length 71738371 for bucket 45
  (Using difference cover)
  bucket 49: 40%
  Sorting block time: 00:00:44
Returning block of 66790481 for bucket 44
  bucket 48: 50%
  Sorting block time: 00:00:43
Returning block of 62956323 for bucket 43
  bucket 46: 100%
  Sorting block of length 41418777 for bucket 46
  (Using difference cover)
Getting block 50 of 60
  Reserving size (73061145) for bucket 50
  Calculating Z arrays for bucket 50
  Entering block accumulator loop for bucket 50:
  bucket 47: 70%
Getting block 51 of 60
  Reserving size (73061145) for bucket 51
  Calculating Z arrays for bucket 51
  Entering block accumulator loop for bucket 51:
  bucket 49: 50%
  bucket 48: 60%
  bucket 50: 10%
  bucket 47: 80%
  bucket 51: 10%
  bucket 49: 60%
  bucket 48: 70%
  bucket 50: 20%
  bucket 47: 90%
  bucket 51: 20%
  bucket 49: 70%
  bucket 48: 80%
  bucket 50: 30%
  bucket 47: 100%
  Sorting block of length 63020668 for bucket 47
  (Using difference cover)
  bucket 51: 30%
  Sorting block time: 00:00:32
Returning block of 41418778 for bucket 46
  bucket 49: 80%
Getting block 52 of 60
  Reserving size (73061145) for bucket 52
  Calculating Z arrays for bucket 52
  Entering block accumulator loop for bucket 52:
  bucket 48: 90%
  bucket 50: 40%
  bucket 51: 40%
  bucket 49: 90%
  bucket 52: 10%
  bucket 48: 100%
  Sorting block of length 51678436 for bucket 48
  (Using difference cover)
  bucket 50: 50%
  bucket 51: 50%
  Sorting block time: 00:00:55
Returning block of 71738372 for bucket 45
  bucket 49: 100%
  Sorting block of length 66179798 for bucket 49
  (Using difference cover)
  bucket 52: 20%
Getting block 53 of 60
  Reserving size (73061145) for bucket 53
  Calculating Z arrays for bucket 53
  Entering block accumulator loop for bucket 53:
  bucket 50: 60%
  bucket 51: 60%
  bucket 52: 30%
  bucket 53: 10%
  bucket 50: 70%
  bucket 51: 70%
  bucket 52: 40%
  bucket 53: 20%
  bucket 50: 80%
  bucket 51: 80%
  Sorting block time: 00:00:50
Returning block of 63020669 for bucket 47
  bucket 52: 50%
  bucket 53: 30%
Getting block 54 of 60
  Reserving size (73061145) for bucket 54
  Calculating Z arrays for bucket 54
  Entering block accumulator loop for bucket 54:
  bucket 50: 90%
  bucket 51: 90%
  bucket 52: 60%
  bucket 53: 40%
  bucket 54: 10%
  Sorting block time: 00:00:45
Returning block of 51678437 for bucket 48
Getting block 55 of 60
  Reserving size (73061145) for bucket 55
  Calculating Z arrays for bucket 55
  Entering block accumulator loop for bucket 55:
  bucket 50: 100%
  Sorting block of length 48857482 for bucket 50
  (Using difference cover)
  bucket 51: 100%
  Sorting block of length 70497455 for bucket 51
  (Using difference cover)
  bucket 52: 70%
  bucket 53: 50%
  bucket 54: 20%
  bucket 55: 10%
  bucket 52: 80%
  bucket 53: 60%
  Sorting block time: 00:00:57
Returning block of 66179799 for bucket 49
  bucket 54: 30%
  bucket 55: 20%
Getting block 56 of 60
  Reserving size (73061145) for bucket 56
  Calculating Z arrays for bucket 56
  Entering block accumulator loop for bucket 56:
  bucket 52: 90%
  bucket 53: 70%
  bucket 54: 40%
  bucket 55: 30%
  bucket 56: 10%
  bucket 52: 100%
  Sorting block of length 42663877 for bucket 52
  (Using difference cover)
  bucket 53: 80%
  bucket 54: 50%
  bucket 55: 40%
  bucket 56: 20%
  Sorting block time: 00:00:37
Returning block of 48857483 for bucket 50
Getting block 57 of 60
  Reserving size (73061145) for bucket 57
  Calculating Z arrays for bucket 57
  Entering block accumulator loop for bucket 57:
  bucket 55: 50%
  bucket 54: 60%
  bucket 53: 90%
  bucket 56: 30%
  bucket 57: 10%
  bucket 55: 60%
  bucket 54: 70%
  bucket 53: 100%
  Sorting block of length 63939201 for bucket 53
  (Using difference cover)
  bucket 56: 40%
  bucket 57: 20%
  Sorting block time: 00:00:54
Returning block of 70497456 for bucket 51
Getting block 58 of 60
  Reserving size (73061145) for bucket 58
  Calculating Z arrays for bucket 58
  Entering block accumulator loop for bucket 58:
  bucket 55: 70%
  bucket 54: 80%
  bucket 56: 50%
  bucket 57: 30%
  bucket 58: 10%
  bucket 55: 80%
  bucket 54: 90%
  bucket 56: 60%
  Sorting block time: 00:00:37
Returning block of 42663878 for bucket 52
Getting block 59 of 60
  Reserving size (73061145) for bucket 59
  Calculating Z arrays for bucket 59
  Entering block accumulator loop for bucket 59:
  bucket 57: 40%
  bucket 55: 90%
  bucket 58: 20%
  bucket 54: 100%
  Sorting block of length 12693004 for bucket 54
  (Using difference cover)
  bucket 56: 70%
  bucket 59: 10%
  bucket 57: 50%
  bucket 55: 100%
  Sorting block of length 32986103 for bucket 55
  (Using difference cover)
  bucket 58: 30%
  Sorting block time: 00:00:10
Returning block of 12693005 for bucket 54
Getting block 60 of 60
  Reserving size (73061145) for bucket 60
  Calculating Z arrays for bucket 60
  Entering block accumulator loop for bucket 60:
  bucket 56: 80%
  bucket 59: 20%
  bucket 57: 60%
  bucket 60: 10%
  bucket 58: 40%
  bucket 56: 90%
  Sorting block time: 00:00:43
Returning block of 63939202 for bucket 53
  bucket 60: 20%
  bucket 59: 30%
  bucket 57: 70%
  bucket 60: 30%
  bucket 58: 50%
  bucket 56: 100%
  Sorting block of length 59847035 for bucket 56
  (Using difference cover)
  Sorting block time: 00:00:18
Returning block of 32986104 for bucket 55
  bucket 59: 40%
  bucket 60: 40%
  bucket 57: 80%
  bucket 58: 60%
  bucket 60: 50%
  bucket 59: 50%
  bucket 57: 90%
  bucket 60: 60%
  bucket 58: 70%
  bucket 60: 70%
  bucket 59: 60%
  bucket 57: 100%
  Sorting block of length 44322175 for bucket 57
  (Using difference cover)
  bucket 58: 80%
  bucket 60: 80%
  bucket 59: 70%
  bucket 60: 90%
  bucket 58: 90%
  bucket 60: 100%
  Sorting block of length 60241012 for bucket 60
  (Using difference cover)
  bucket 59: 80%
  bucket 58: 100%
  Sorting block of length 48877167 for bucket 58
  (Using difference cover)
  bucket 59: 90%
  Sorting block time: 00:00:43
Returning block of 59847036 for bucket 56
  bucket 59: 100%
  Sorting block of length 57135829 for bucket 59
  (Using difference cover)
  Sorting block time: 00:00:39
Returning block of 44322176 for bucket 57
  Sorting block time: 00:00:50
Returning block of 60241013 for bucket 60
  Sorting block time: 00:00:45
Returning block of 48877168 for bucket 58
  Sorting block time: 00:00:55
Returning block of 57135830 for bucket 59
Exited Ebwt loop
fchr[A]: 0
fchr[C]: 923873689
fchr[G]: 1557565240
fchr[T]: 2194285615
fchr[$]: 3117275501
Exiting Ebwt::buildToDisk()
Returning from initFromVector
Wrote 1043288752 bytes to primary EBWT file: /home/adeel/hostsweep/miniforge3/envs/hostsweep/share/hostsweep/databases/standard/human_bt2.1.bt2.tmp
Wrote 779318880 bytes to secondary EBWT file: /home/adeel/hostsweep/miniforge3/envs/hostsweep/share/hostsweep/databases/standard/human_bt2.2.bt2.tmp
Re-opening _in1 and _in2 as input streams
Returning from Ebwt constructor
Headers:
    len: 3117275501
    bwtLen: 3117275502
    sz: 779318876
    bwtSz: 779318876
    lineRate: 6
    offRate: 4
    offMask: 0xfffffff0
    ftabChars: 10
    eftabLen: 20
    eftabSz: 80
    ftabLen: 1048577
    ftabSz: 4194308
    offsLen: 194829719
    offsSz: 779318876
    lineSz: 64
    sideSz: 64
    sideBwtSz: 48
    sideBwtLen: 192
    numSides: 16235810
    numLines: 16235810
    ebwtTotLen: 1039091840
    ebwtTotSz: 1039091840
    color: 0
    reverse: 0
Total time for call to driver() for forward index: 00:28:05
Reading reference sizes
  Time reading reference sizes: 00:01:17
Calculating joined length
Writing header
Reserving space for joined string
Joining reference sequences
  Time to join reference sequences: 00:00:31
  Time to reverse reference sequence: 00:00:02
bmax according to bmaxDivN setting: 97414859
Using parameters --bmax 73061145 --dcv 1024
  Doing ahead-of-time memory usage test
  Passed!  Constructing with these parameters: --bmax 73061145 --dcv 1024
Constructing suffix-array element generator
Building DifferenceCoverSample
  Building sPrime
  Building sPrimeOrder
  V-Sorting samples
  V-Sorting samples time: 00:01:17
  Allocating rank array
  Ranking v-sort output
  Ranking v-sort output time: 00:01:01
  Invoking Larsson-Sadakane on ranks
  Invoking Larsson-Sadakane on ranks time: 00:01:10
  Sanity-checking and returning
Building samples
Reserving space for 86 sample suffixes
Generating random suffixes
QSorting 86 sample offsets, eliminating duplicates
QSorting sample offsets, eliminating duplicates time: 00:00:00
Multikey QSorting 86 samples
  (Using difference cover)
  Multikey QSorting samples time: 00:00:00
Calculating bucket sizes
Splitting and merging
  Splitting and merging time: 00:00:00
Split 11, merged 43; iterating...
Splitting and merging
  Splitting and merging time: 00:00:00
Split 7, merged 7; iterating...
Splitting and merging
  Splitting and merging time: 00:00:00
Split 4, merged 2; iterating...
Splitting and merging
  Splitting and merging time: 00:00:00
Split 3, merged 2; iterating...
Splitting and merging
  Splitting and merging time: 00:00:00
Split 2, merged 2; iterating...
Avg bucket size: 5.37461e+07 (target: 73061144)
Converting suffix-array elements to index image
Allocating ftab, absorbFtab
Entering Ebwt loop
Getting block 2 of 58
Getting block 1 of 58
  Reserving size (73061145) for bucket 1
  Reserving size (73061145) for bucket 2
Getting block 5 of 58
  Reserving size (73061145) for bucket 5
Getting block 6 of 58
Getting block 7 of 58
  Reserving size (73061145) for bucket 7
Getting block 3 of 58
  Calculating Z arrays for bucket 2
  Reserving size (73061145) for bucket 6
  Calculating Z arrays for bucket 1
  Reserving size (73061145) for bucket 3
Getting block 4 of 58
  Reserving size (73061145) for bucket 4
  Calculating Z arrays for bucket 5
  Entering block accumulator loop for bucket 1:
  Calculating Z arrays for bucket 7
  Entering block accumulator loop for bucket 2:
  Calculating Z arrays for bucket 6
  Entering block accumulator loop for bucket 5:
  Entering block accumulator loop for bucket 7:
  Entering block accumulator loop for bucket 6:
  Calculating Z arrays for bucket 3
  Entering block accumulator loop for bucket 3:
  Calculating Z arrays for bucket 4
  Entering block accumulator loop for bucket 4:
  bucket 1: 10%
  bucket 3: 10%
  bucket 2: 10%
  bucket 4: 10%
  bucket 5: 10%
  bucket 6: 10%
  bucket 7: 10%
  bucket 1: 20%
  bucket 2: 20%
  bucket 3: 20%
  bucket 5: 20%
  bucket 4: 20%
  bucket 6: 20%
  bucket 7: 20%
  bucket 1: 30%
  bucket 2: 30%
  bucket 3: 30%
  bucket 5: 30%
  bucket 4: 30%
  bucket 6: 30%
  bucket 7: 30%
  bucket 1: 40%
  bucket 2: 40%
  bucket 3: 40%
  bucket 5: 40%
  bucket 4: 40%
  bucket 6: 40%
  bucket 1: 50%
  bucket 7: 40%
  bucket 2: 50%
  bucket 3: 50%
  bucket 5: 50%
  bucket 4: 50%
  bucket 6: 50%
  bucket 1: 60%
  bucket 2: 60%
  bucket 7: 50%
  bucket 3: 60%
  bucket 5: 60%
  bucket 4: 60%
  bucket 6: 60%
  bucket 1: 70%
  bucket 2: 70%
  bucket 3: 70%
  bucket 7: 60%
  bucket 5: 70%
  bucket 1: 80%
  bucket 4: 70%
  bucket 6: 70%
  bucket 2: 80%
  bucket 3: 80%
  bucket 1: 90%
  bucket 7: 70%
  bucket 4: 80%
  bucket 5: 80%
  bucket 6: 80%
  bucket 2: 90%
  bucket 3: 90%
  bucket 1: 100%
  Sorting block of length 46790098 for bucket 1
  (Using difference cover)
  bucket 4: 90%
  bucket 5: 90%
  bucket 7: 80%
  bucket 6: 90%
  bucket 2: 100%
  Sorting block of length 41464623 for bucket 2
  (Using difference cover)
  bucket 3: 100%
  Sorting block of length 39833674 for bucket 3
  (Using difference cover)
  bucket 4: 100%
  Sorting block of length 56660869 for bucket 4
  (Using difference cover)
  bucket 5: 100%
  Sorting block of length 55693826 for bucket 5
  (Using difference cover)
  bucket 7: 90%
  bucket 6: 100%
  Sorting block of length 63751899 for bucket 6
  (Using difference cover)
  bucket 7: 100%
  Sorting block of length 69502875 for bucket 7
  (Using difference cover)
  Sorting block time: 00:00:36
Returning block of 39833675 for bucket 3
  Sorting block time: 00:00:41
Returning block of 46790099 for bucket 1
Getting block 8 of 58
  Reserving size (73061145) for bucket 8
  Calculating Z arrays for bucket 8
  Entering block accumulator loop for bucket 8:
Getting block 9 of 58
  Reserving size (73061145) for bucket 9
  Calculating Z arrays for bucket 9
  Entering block accumulator loop for bucket 9:
  Sorting block time: 00:00:43
Returning block of 41464624 for bucket 2
Getting block 10 of 58
  Reserving size (73061145) for bucket 10
  Calculating Z arrays for bucket 10
  Entering block accumulator loop for bucket 10:
  bucket 8: 10%
  bucket 9: 10%
  bucket 10: 10%
  bucket 8: 20%
  bucket 9: 20%
  bucket 10: 20%
  bucket 8: 30%
  Sorting block time: 00:00:56
Returning block of 56660870 for bucket 4
  bucket 9: 30%
  Sorting block time: 00:00:56
Returning block of 63751900 for bucket 6
Getting block 11 of 58
  Reserving size (73061145) for bucket 11
  Calculating Z arrays for bucket 11
  Entering block accumulator loop for bucket 11:
Getting block 12 of 58
  Reserving size (73061145) for bucket 12
  Calculating Z arrays for bucket 12
  Entering block accumulator loop for bucket 12:
  bucket 10: 30%
  bucket 8: 40%
  bucket 9: 40%
  bucket 11: 10%
  bucket 12: 10%
  bucket 10: 40%
  bucket 8: 50%
  Sorting block time: 00:01:03
Returning block of 69502876 for bucket 7
  bucket 9: 50%
  Sorting block time: 00:01:11
Returning block of 55693827 for bucket 5
  bucket 11: 20%
Getting block 13 of 58
  Reserving size (73061145) for bucket 13
  Calculating Z arrays for bucket 13
  Entering block accumulator loop for bucket 13:
Getting block 14 of 58
  Reserving size (73061145) for bucket 14
  Calculating Z arrays for bucket 14
  Entering block accumulator loop for bucket 14:
  bucket 12: 20%
  bucket 10: 50%
  bucket 8: 60%
  bucket 9: 60%
  bucket 11: 30%
  bucket 13: 10%
  bucket 14: 10%
  bucket 12: 30%
  bucket 8: 70%
  bucket 10: 60%
  bucket 9: 70%
  bucket 11: 40%
  bucket 13: 20%
  bucket 14: 20%
  bucket 12: 40%
  bucket 8: 80%
  bucket 10: 70%
  bucket 9: 80%
  bucket 11: 50%
  bucket 13: 30%
  bucket 14: 30%
  bucket 12: 50%
  bucket 8: 90%
  bucket 9: 90%
  bucket 10: 80%
  bucket 11: 60%
  bucket 13: 40%
  bucket 14: 40%
  bucket 12: 60%
  bucket 8: 100%
  Sorting block of length 60675106 for bucket 8
  (Using difference cover)
  bucket 9: 100%
  Sorting block of length 31149252 for bucket 9
  (Using difference cover)
  bucket 10: 90%
  bucket 11: 70%
  bucket 13: 50%
  bucket 14: 50%
  bucket 12: 70%
  bucket 10: 100%
  Sorting block of length 67763133 for bucket 10
  (Using difference cover)
  bucket 11: 80%
  bucket 13: 60%
  bucket 14: 60%
  bucket 12: 80%
  bucket 11: 90%
  bucket 13: 70%
  bucket 14: 70%
  bucket 12: 90%
  bucket 11: 100%
  Sorting block of length 21873616 for bucket 11
  (Using difference cover)
  Sorting block time: 00:00:25
Returning block of 31149253 for bucket 9
Getting block 15 of 58
  Reserving size (73061145) for bucket 15
  Calculating Z arrays for bucket 15
  Entering block accumulator loop for bucket 15:
  bucket 13: 80%
  bucket 12: 100%
  Sorting block of length 61144559 for bucket 12
  (Using difference cover)
  bucket 14: 80%
  bucket 15: 10%
  bucket 13: 90%
  bucket 14: 90%
  bucket 15: 20%
  Sorting block time: 00:00:15
Returning block of 21873617 for bucket 11
  bucket 13: 100%
  Sorting block of length 57996195 for bucket 13
  (Using difference cover)
Getting block 16 of 58
  Reserving size (73061145) for bucket 16
  Calculating Z arrays for bucket 16
  Entering block accumulator loop for bucket 16:
  bucket 14: 100%
  Sorting block of length 44282365 for bucket 14
  (Using difference cover)
  bucket 15: 30%
  bucket 16: 10%
  Sorting block time: 00:00:53
Returning block of 60675107 for bucket 8
  bucket 15: 40%
Getting block 17 of 58
  Reserving size (73061145) for bucket 17
  Calculating Z arrays for bucket 17
  Entering block accumulator loop for bucket 17:
  bucket 16: 20%
  bucket 15: 50%
  bucket 17: 10%
  bucket 16: 30%
  Sorting block time: 00:00:59
Returning block of 67763134 for bucket 10
  bucket 15: 60%
  bucket 17: 20%
Getting block 18 of 58
  Reserving size (73061145) for bucket 18
  Calculating Z arrays for bucket 18
  Entering block accumulator loop for bucket 18:
  bucket 16: 40%
  bucket 15: 70%
  bucket 17: 30%
  bucket 18: 10%
  Sorting block time: 00:00:36
Returning block of 44282366 for bucket 14
  bucket 16: 50%
Getting block 19 of 58
  Reserving size (73061145) for bucket 19
  Calculating Z arrays for bucket 19
  Entering block accumulator loop for bucket 19:
  Sorting block time: 00:00:55
Returning block of 61144560 for bucket 12
  bucket 15: 80%
  bucket 17: 40%
  bucket 18: 20%
  bucket 19: 10%
Getting block 20 of 58
  Reserving size (73061145) for bucket 20
  Calculating Z arrays for bucket 20
  Entering block accumulator loop for bucket 20:
  bucket 17: 50%
  bucket 18: 30%
  bucket 16: 60%
  bucket 19: 20%
  Sorting block time: 00:00:59
Returning block of 57996196 for bucket 13
  bucket 20: 10%
  bucket 15: 90%
  bucket 17: 60%
  bucket 18: 40%
Getting block 21 of 58
  Reserving size (73061145) for bucket 21
  Calculating Z arrays for bucket 21
  Entering block accumulator loop for bucket 21:
  bucket 16: 70%
  bucket 19: 30%
  bucket 20: 20%
  bucket 15: 100%
  Sorting block of length 88814902 for bucket 15
  (Using difference cover)
  bucket 17: 70%
  bucket 18: 50%
  bucket 21: 10%
  bucket 19: 40%
  bucket 16: 80%
  bucket 20: 30%
  bucket 17: 80%
  bucket 18: 60%
  bucket 21: 20%
  bucket 19: 50%
  bucket 16: 90%
  bucket 20: 40%
  bucket 17: 90%
  bucket 18: 70%
  bucket 21: 30%
  bucket 19: 60%
  bucket 16: 100%
  Sorting block of length 130111609 for bucket 16
  (Using difference cover)
  bucket 20: 50%
  bucket 17: 100%
  Sorting block of length 57960701 for bucket 17
  (Using difference cover)
  bucket 18: 80%
  bucket 21: 40%
  bucket 19: 70%
  bucket 20: 60%
  bucket 18: 90%
  bucket 21: 50%
  bucket 19: 80%
  bucket 20: 70%
  bucket 18: 100%
  Sorting block of length 28736006 for bucket 18
  (Using difference cover)
  bucket 21: 60%
  bucket 19: 90%
  bucket 20: 80%
  bucket 21: 70%
  bucket 19: 100%
  Sorting block of length 57573530 for bucket 19
  (Using difference cover)
  bucket 20: 90%
  bucket 21: 80%
  bucket 20: 100%
  Sorting block of length 63309686 for bucket 20
  (Using difference cover)
  Sorting block time: 00:00:23
Returning block of 28736007 for bucket 18
Getting block 22 of 58
  Reserving size (73061145) for bucket 22
  Calculating Z arrays for bucket 22
  Entering block accumulator loop for bucket 22:
  bucket 21: 90%
  bucket 22: 10%
  Sorting block time: 00:01:11
Returning block of 88814903 for bucket 15
  Sorting block time: 00:00:46
Returning block of 57960702 for bucket 17
  bucket 21: 100%
  Sorting block of length 48366629 for bucket 21
  (Using difference cover)
Getting block 23 of 58
  Reserving size (73061145) for bucket 23
  Calculating Z arrays for bucket 23
  Entering block accumulator loop for bucket 23:
Getting block 24 of 58
  Reserving size (73061145) for bucket 24
  Calculating Z arrays for bucket 24
  Entering block accumulator loop for bucket 24:
  bucket 22: 20%
  bucket 23: 10%
  bucket 24: 10%
  bucket 22: 30%
  bucket 23: 20%
  bucket 24: 20%
  bucket 22: 40%
  bucket 23: 30%
  bucket 24: 30%
  bucket 22: 50%
  Sorting block time: 00:00:52
Returning block of 57573531 for bucket 19
Getting block 25 of 58
  Reserving size (73061145) for bucket 25
  Calculating Z arrays for bucket 25
  Entering block accumulator loop for bucket 25:
  bucket 23: 40%
  bucket 24: 40%
  bucket 22: 60%
  Sorting block time: 00:00:41
Returning block of 48366630 for bucket 21
  Sorting block time: 00:00:52
Returning block of 63309687 for bucket 20
  bucket 25: 10%
Getting block 26 of 58
  Reserving size (73061145) for bucket 26
  Calculating Z arrays for bucket 26
  Entering block accumulator loop for bucket 26:
  bucket 23: 50%
  bucket 24: 50%
  bucket 22: 70%
Getting block 27 of 58
  Reserving size (73061145) for bucket 27
  Calculating Z arrays for bucket 27
  Entering block accumulator loop for bucket 27:
  bucket 25: 20%
  bucket 26: 10%
  bucket 23: 60%
  Sorting block time: 00:01:42
Returning block of 130111610 for bucket 16
  bucket 24: 60%
  bucket 22: 80%
  bucket 27: 10%
  bucket 25: 30%
  bucket 26: 20%
  bucket 23: 70%
  bucket 24: 70%
  bucket 22: 90%
  bucket 27: 20%
Getting block 28 of 58
  Reserving size (73061145) for bucket 28
  Calculating Z arrays for bucket 28
  Entering block accumulator loop for bucket 28:
  bucket 25: 40%
  bucket 26: 30%
  bucket 23: 80%
  bucket 24: 80%
  bucket 22: 100%
  Sorting block of length 53099846 for bucket 22
  (Using difference cover)
  bucket 27: 30%
  bucket 28: 10%
  bucket 25: 50%
  bucket 26: 40%
  bucket 23: 90%
  bucket 24: 90%
  bucket 27: 40%
  bucket 28: 20%
  bucket 25: 60%
  bucket 26: 50%
  bucket 23: 100%
  Sorting block of length 62633598 for bucket 23
  (Using difference cover)
  bucket 24: 100%
  Sorting block of length 42371841 for bucket 24
  (Using difference cover)
  bucket 27: 50%
  bucket 28: 30%
  bucket 25: 70%
  bucket 26: 60%
  bucket 27: 60%
  bucket 28: 40%
  bucket 25: 80%
  bucket 26: 70%
  bucket 27: 70%
  bucket 28: 50%
  bucket 25: 90%
  bucket 26: 80%
  bucket 27: 80%
  bucket 28: 60%
  bucket 25: 100%
  Sorting block of length 43796730 for bucket 25
  (Using difference cover)
  Sorting block time: 00:00:50
Returning block of 53099847 for bucket 22
Getting block 29 of 58
  Reserving size (73061145) for bucket 29
  Calculating Z arrays for bucket 29
  Entering block accumulator loop for bucket 29:
  Sorting block time: 00:00:34
Returning block of 42371842 for bucket 24
Getting block 30 of 58
  Reserving size (73061145) for bucket 30
  Calculating Z arrays for bucket 30
  Entering block accumulator loop for bucket 30:
  bucket 26: 90%
  bucket 27: 90%
  bucket 28: 70%
  bucket 29: 10%
  bucket 30: 10%
  bucket 27: 100%
  Sorting block of length 16291371 for bucket 27
  (Using difference cover)
  bucket 26: 100%
  Sorting block of length 72957624 for bucket 26
  (Using difference cover)
  bucket 28: 80%
  Sorting block time: 00:00:51
Returning block of 62633599 for bucket 23
  bucket 29: 20%
  bucket 30: 20%
Getting block 31 of 58
  Reserving size (73061145) for bucket 31
  Calculating Z arrays for bucket 31
  Entering block accumulator loop for bucket 31:
  bucket 28: 90%
  Sorting block time: 00:00:16
Returning block of 16291372 for bucket 27
Getting block 32 of 58
  Reserving size (73061145) for bucket 32
  Calculating Z arrays for bucket 32
  Entering block accumulator loop for bucket 32:
  bucket 30: 30%
  bucket 31: 10%
  bucket 29: 30%
  bucket 28: 100%
  Sorting block of length 57564238 for bucket 28
  (Using difference cover)
  bucket 32: 10%
  bucket 30: 40%
  bucket 31: 20%
  Sorting block time: 00:00:40
Returning block of 43796731 for bucket 25
  bucket 29: 40%
Getting block 33 of 58
  Reserving size (73061145) for bucket 33
  Calculating Z arrays for bucket 33
  Entering block accumulator loop for bucket 33:
  bucket 32: 20%
  bucket 30: 50%
  bucket 31: 30%
  bucket 29: 50%
  bucket 33: 10%
  bucket 32: 30%
  bucket 30: 60%
  bucket 31: 40%
  bucket 33: 20%
  bucket 29: 60%
  bucket 32: 40%
  bucket 30: 70%
  bucket 31: 50%
  bucket 33: 30%
  bucket 29: 70%
  bucket 32: 50%
  Sorting block time: 00:01:00
Returning block of 72957625 for bucket 26
  bucket 30: 80%
  bucket 31: 60%
Getting block 34 of 58
  Reserving size (73061145) for bucket 34
  Calculating Z arrays for bucket 34
  Entering block accumulator loop for bucket 34:
  bucket 33: 40%
  bucket 29: 80%
  bucket 32: 60%
  bucket 30: 90%
  bucket 34: 10%
  bucket 31: 70%
  bucket 33: 50%
  bucket 29: 90%
  Sorting block time: 00:00:51
Returning block of 57564239 for bucket 28
  bucket 32: 70%
Getting block 35 of 58
  Reserving size (73061145) for bucket 35
  Calculating Z arrays for bucket 35
  Entering block accumulator loop for bucket 35:
  bucket 30: 100%
  Sorting block of length 24603008 for bucket 30
  (Using difference cover)
  bucket 34: 20%
  bucket 31: 80%
  bucket 33: 60%
  bucket 32: 80%
  bucket 29: 100%
  Sorting block of length 58287282 for bucket 29
  (Using difference cover)
  bucket 35: 10%
  bucket 34: 30%
  bucket 31: 90%
  bucket 33: 70%
  bucket 32: 90%
  Sorting block time: 00:00:17
Returning block of 24603009 for bucket 30
Getting block 36 of 58
  Reserving size (73061145) for bucket 36
  Calculating Z arrays for bucket 36
  Entering block accumulator loop for bucket 36:
  bucket 35: 20%
  bucket 34: 40%
  bucket 31: 100%
  Sorting block of length 72783810 for bucket 31
  (Using difference cover)
  bucket 33: 80%
  bucket 32: 100%
  Sorting block of length 53956592 for bucket 32
  (Using difference cover)
  bucket 36: 10%
  bucket 35: 30%
  bucket 34: 50%
  bucket 33: 90%
  bucket 35: 40%
  bucket 36: 20%
  bucket 34: 60%
  bucket 33: 100%
  Sorting block of length 63540520 for bucket 33
  (Using difference cover)
  bucket 35: 50%
  bucket 36: 30%
  bucket 34: 70%
  bucket 35: 60%
  bucket 36: 40%
  bucket 34: 80%
  Sorting block time: 00:00:47
Returning block of 58287283 for bucket 29
Getting block 37 of 58
  Reserving size (73061145) for bucket 37
  Calculating Z arrays for bucket 37
  Entering block accumulator loop for bucket 37:
  bucket 35: 70%
  bucket 36: 50%
  bucket 34: 90%
  bucket 37: 10%
  Sorting block time: 00:00:42
Returning block of 53956593 for bucket 32
  bucket 35: 80%
Getting block 38 of 58
  Reserving size (73061145) for bucket 38
  Calculating Z arrays for bucket 38
  Entering block accumulator loop for bucket 38:
  bucket 36: 60%
  bucket 34: 100%
  Sorting block of length 72586073 for bucket 34
  (Using difference cover)
  bucket 37: 20%
  Sorting block time: 00:00:54
Returning block of 72783811 for bucket 31
  bucket 35: 90%
  bucket 38: 10%
Getting block 39 of 58
  Reserving size (73061145) for bucket 39
  Calculating Z arrays for bucket 39
  Entering block accumulator loop for bucket 39:
  bucket 36: 70%
  bucket 37: 30%
  bucket 35: 100%
  Sorting block of length 43913391 for bucket 35
  (Using difference cover)
  bucket 38: 20%
  bucket 39: 10%
  bucket 36: 80%
  bucket 37: 40%
  bucket 38: 30%
  bucket 39: 20%
  bucket 36: 90%
  Sorting block time: 00:01:04
Returning block of 63540521 for bucket 33
  bucket 37: 50%
Getting block 40 of 58
  Reserving size (73061145) for bucket 40
  Calculating Z arrays for bucket 40
  Entering block accumulator loop for bucket 40:
  bucket 38: 40%
  bucket 39: 30%
  bucket 36: 100%
  Sorting block of length 61437615 for bucket 36
  (Using difference cover)
  bucket 37: 60%
  bucket 38: 50%
  bucket 40: 10%
  bucket 39: 40%
  bucket 37: 70%
  bucket 38: 60%
  bucket 39: 50%
  Sorting block time: 00:00:54
Returning block of 72586074 for bucket 34
  bucket 40: 20%
Getting block 41 of 58
  Reserving size (73061145) for bucket 41
  Calculating Z arrays for bucket 41
  Entering block accumulator loop for bucket 41:
  Sorting block time: 00:00:40
Returning block of 43913392 for bucket 35
Getting block 42 of 58
  Reserving size (73061145) for bucket 42
  Calculating Z arrays for bucket 42
  Entering block accumulator loop for bucket 42:
  bucket 37: 80%
  bucket 38: 70%
  bucket 39: 60%
  bucket 40: 30%
  bucket 41: 10%
  bucket 42: 10%
  bucket 37: 90%
  bucket 38: 80%
  bucket 39: 70%
  bucket 41: 20%
  bucket 40: 40%
  bucket 42: 20%
  bucket 37: 100%
  Sorting block of length 66778223 for bucket 37
  (Using difference cover)
  bucket 38: 90%
  bucket 39: 80%
  bucket 41: 30%
  bucket 40: 50%
  bucket 42: 30%
  bucket 38: 100%
  Sorting block of length 66886527 for bucket 38
  (Using difference cover)
  bucket 39: 90%
  bucket 41: 40%
  Sorting block time: 00:00:54
Returning block of 61437616 for bucket 36
  bucket 42: 40%
  bucket 40: 60%
Getting block 43 of 58
  Reserving size (73061145) for bucket 43
  Calculating Z arrays for bucket 43
  Entering block accumulator loop for bucket 43:
  bucket 39: 100%
  Sorting block of length 35787034 for bucket 39
  (Using difference cover)
  bucket 41: 50%
  bucket 42: 50%
  bucket 43: 10%
  bucket 40: 70%
  bucket 41: 60%
  bucket 42: 60%
  bucket 43: 20%
  bucket 40: 80%
  bucket 41: 70%
  bucket 42: 70%
  bucket 43: 30%
  bucket 40: 90%
  bucket 41: 80%
  Sorting block time: 00:00:28
Returning block of 35787035 for bucket 39
Getting block 44 of 58
  Reserving size (73061145) for bucket 44
  Calculating Z arrays for bucket 44
  Entering block accumulator loop for bucket 44:
  Sorting block time: 00:00:46
Returning block of 66778224 for bucket 37
  bucket 42: 80%
  bucket 43: 40%
Getting block 45 of 58
  Reserving size (73061145) for bucket 45
  Calculating Z arrays for bucket 45
  Entering block accumulator loop for bucket 45:
  bucket 40: 100%
  Sorting block of length 40175513 for bucket 40
  (Using difference cover)
  bucket 41: 90%
  bucket 44: 10%
  bucket 42: 90%
  bucket 43: 50%
  Sorting block time: 00:00:46
Returning block of 66886528 for bucket 38
  bucket 45: 10%
Getting block 46 of 58
  Reserving size (73061145) for bucket 46
  Calculating Z arrays for bucket 46
  Entering block accumulator loop for bucket 46:
  bucket 41: 100%
  Sorting block of length 36012466 for bucket 41
  (Using difference cover)
  bucket 44: 20%
  bucket 42: 100%
  Sorting block of length 40158903 for bucket 42
  (Using difference cover)
  bucket 43: 60%
  bucket 45: 20%
  bucket 46: 10%
  bucket 44: 30%
  bucket 43: 70%
  bucket 45: 30%
  bucket 46: 20%
  bucket 44: 40%
  Sorting block time: 00:00:29
Returning block of 40175514 for bucket 40
  bucket 43: 80%
Getting block 47 of 58
  Reserving size (73061145) for bucket 47
  Calculating Z arrays for bucket 47
  Entering block accumulator loop for bucket 47:
  bucket 45: 40%
  bucket 46: 30%
  Sorting block time: 00:00:28
Returning block of 36012467 for bucket 41
  bucket 44: 50%
Getting block 48 of 58
  Reserving size (73061145) for bucket 48
  Calculating Z arrays for bucket 48
  Entering block accumulator loop for bucket 48:
  bucket 47: 10%
  bucket 43: 90%
  bucket 45: 50%
  bucket 46: 40%
  bucket 44: 60%
  bucket 48: 10%
  bucket 45: 60%
  bucket 47: 20%
  bucket 43: 100%
  Sorting block of length 72391408 for bucket 43
  (Using difference cover)
  bucket 46: 50%
  Sorting block time: 00:00:44
Returning block of 40158904 for bucket 42
  bucket 44: 70%
Getting block 49 of 58
  Reserving size (73061145) for bucket 49
  Calculating Z arrays for bucket 49
  Entering block accumulator loop for bucket 49:
  bucket 48: 20%
  bucket 45: 70%
  bucket 47: 30%
  bucket 46: 60%
  bucket 44: 80%
  bucket 49: 10%
  bucket 48: 30%
  bucket 45: 80%
  bucket 47: 40%
  bucket 46: 70%
  bucket 44: 90%
  bucket 49: 20%
  bucket 48: 40%
  bucket 47: 50%
  bucket 45: 90%
  bucket 46: 80%
  bucket 44: 100%
  Sorting block of length 71593488 for bucket 44
  (Using difference cover)
  bucket 49: 30%
  bucket 48: 50%
  bucket 45: 100%
  Sorting block of length 59543686 for bucket 45
  (Using difference cover)
  bucket 47: 60%
  bucket 46: 90%
  bucket 49: 40%
  bucket 48: 60%
  bucket 47: 70%
  bucket 46: 100%
  Sorting block of length 36752364 for bucket 46
  (Using difference cover)
  bucket 49: 50%
  bucket 48: 70%
  bucket 47: 80%
  Sorting block time: 00:00:56
Returning block of 72391409 for bucket 43
  bucket 49: 60%
  bucket 48: 80%
Getting block 50 of 58
  Reserving size (73061145) for bucket 50
  Calculating Z arrays for bucket 50
  Entering block accumulator loop for bucket 50:
  bucket 47: 90%
  bucket 49: 70%
  bucket 48: 90%
  bucket 50: 10%
  Sorting block time: 00:00:24
Returning block of 36752365 for bucket 46
  bucket 47: 100%
  Sorting block of length 46857066 for bucket 47
  (Using difference cover)
Getting block 51 of 58
  Reserving size (73061145) for bucket 51
  Calculating Z arrays for bucket 51
  Entering block accumulator loop for bucket 51:
  bucket 49: 80%
  bucket 48: 100%
  Sorting block of length 47890721 for bucket 48
  (Using difference cover)
  bucket 50: 20%
  bucket 51: 10%
  Sorting block time: 00:00:48
Returning block of 59543687 for bucket 45
Getting block 52 of 58
  Reserving size (73061145) for bucket 52
  Calculating Z arrays for bucket 52
  Entering block accumulator loop for bucket 52:
  bucket 49: 90%
  bucket 50: 30%
  bucket 51: 20%
  bucket 52: 10%
  bucket 49: 100%
  Sorting block of length 40441099 for bucket 49
  (Using difference cover)
  bucket 50: 40%
  Sorting block time: 00:01:04
Returning block of 71593489 for bucket 44
  bucket 51: 30%
Getting block 53 of 58
  Reserving size (73061145) for bucket 53
  Calculating Z arrays for bucket 53
  Entering block accumulator loop for bucket 53:
  bucket 52: 20%
  bucket 50: 50%
  Sorting block time: 00:00:34
Returning block of 46857067 for bucket 47
  bucket 51: 40%
Getting block 54 of 58
  Reserving size (73061145) for bucket 54
  Calculating Z arrays for bucket 54
  Entering block accumulator loop for bucket 54:
  bucket 53: 10%
  bucket 52: 30%
  Sorting block time: 00:00:37
Returning block of 47890722 for bucket 48
  bucket 50: 60%
  bucket 51: 50%
  bucket 54: 10%
  bucket 53: 20%
  bucket 52: 40%
Getting block 55 of 58
  Reserving size (73061145) for bucket 55
  Calculating Z arrays for bucket 55
  Entering block accumulator loop for bucket 55:
  bucket 50: 70%
  bucket 51: 60%
  bucket 54: 20%
  Sorting block time: 00:00:33
Returning block of 40441100 for bucket 49
  bucket 52: 50%
  bucket 53: 30%
  bucket 55: 10%
Getting block 56 of 58
  Reserving size (73061145) for bucket 56
  Calculating Z arrays for bucket 56
  Entering block accumulator loop for bucket 56:
  bucket 50: 80%
  bucket 51: 70%
  bucket 54: 30%
  bucket 52: 60%
  bucket 55: 20%
  bucket 53: 40%
  bucket 56: 10%
  bucket 50: 90%
  bucket 51: 80%
  bucket 54: 40%
  bucket 52: 70%
  bucket 55: 30%
  bucket 53: 50%
  bucket 56: 20%
  bucket 50: 100%
  Sorting block of length 69860539 for bucket 50
  (Using difference cover)
  bucket 51: 90%
  bucket 54: 50%
  bucket 52: 80%
  bucket 55: 40%
  bucket 53: 60%
  bucket 56: 30%
  bucket 51: 100%
  Sorting block of length 38746912 for bucket 51
  (Using difference cover)
  bucket 54: 60%
  bucket 52: 90%
  bucket 55: 50%
  bucket 53: 70%
  bucket 56: 40%
  bucket 54: 70%
  bucket 52: 100%
  Sorting block of length 49733848 for bucket 52
  (Using difference cover)
  bucket 55: 60%
  bucket 56: 50%
  bucket 53: 80%
  bucket 54: 80%
  bucket 55: 70%
  bucket 56: 60%
  bucket 53: 90%
  Sorting block time: 00:00:26
Returning block of 38746913 for bucket 51
  bucket 54: 90%
Getting block 57 of 58
  Reserving size (73061145) for bucket 57
  Calculating Z arrays for bucket 57
  Entering block accumulator loop for bucket 57:
  bucket 55: 80%
  bucket 56: 70%
  bucket 53: 100%
  Sorting block of length 47429437 for bucket 53
  (Using difference cover)
  bucket 54: 100%
  Sorting block of length 57567601 for bucket 54
  (Using difference cover)
  bucket 57: 10%
  bucket 55: 90%
  bucket 56: 80%
  Sorting block time: 00:00:50
Returning block of 69860540 for bucket 50
  bucket 57: 20%
Getting block 58 of 58
  Reserving size (73061145) for bucket 58
  Calculating Z arrays for bucket 58
  Entering block accumulator loop for bucket 58:
  bucket 55: 100%
  Sorting block of length 42910768 for bucket 55
  (Using difference cover)
  bucket 56: 90%
  Sorting block time: 00:00:36
Returning block of 49733849 for bucket 52
  bucket 58: 10%
  bucket 57: 30%
  bucket 58: 20%
  bucket 56: 100%
  Sorting block of length 68292038 for bucket 56
  (Using difference cover)
  bucket 58: 30%
  bucket 57: 40%
  bucket 58: 40%
  bucket 58: 50%
  bucket 57: 50%
  Sorting block time: 00:00:42
Returning block of 47429438 for bucket 53
  bucket 58: 60%
  bucket 57: 60%
  bucket 58: 70%
  Sorting block time: 00:00:33
Returning block of 42910769 for bucket 55
  Sorting block time: 00:00:46
Returning block of 57567602 for bucket 54
  bucket 58: 80%
  bucket 57: 70%
  bucket 58: 90%
  bucket 58: 100%
  Sorting block of length 38355821 for bucket 58
  (Using difference cover)
  bucket 57: 80%
  bucket 57: 90%
  Sorting block time: 00:00:49
Returning block of 68292039 for bucket 56
  bucket 57: 100%
  Sorting block of length 49831290 for bucket 57
  (Using difference cover)
  Sorting block time: 00:00:29
Returning block of 38355822 for bucket 58
  Sorting block time: 00:00:46
Returning block of 49831291 for bucket 57
Exited Ebwt loop
fchr[A]: 0
fchr[C]: 923873689
fchr[G]: 1557565240
fchr[T]: 2194285615
fchr[$]: 3117275501
Exiting Ebwt::buildToDisk()
Returning from initFromVector
Wrote 1043288752 bytes to primary EBWT file: /home/adeel/hostsweep/miniforge3/envs/hostsweep/share/hostsweep/databases/standard/human_bt2.rev.1.bt2.tmp
Wrote 779318880 bytes to secondary EBWT file: /home/adeel/hostsweep/miniforge3/envs/hostsweep/share/hostsweep/databases/standard/human_bt2.rev.2.bt2.tmp
Re-opening _in1 and _in2 as input streams
Returning from Ebwt constructor
Headers:
    len: 3117275501
    bwtLen: 3117275502
    sz: 779318876
    bwtSz: 779318876
    lineRate: 6
    offRate: 4
    offMask: 0xfffffff0
    ftabChars: 10
    eftabLen: 20
    eftabSz: 80
    ftabLen: 1048577
    ftabSz: 4194308
    offsLen: 194829719
    offsSz: 779318876
    lineSz: 64
    sideSz: 64
    sideBwtSz: 48
    sideBwtLen: 192
    numSides: 16235810
    numLines: 16235810
    ebwtTotLen: 1039091840
    ebwtTotSz: 1039091840
    color: 0
    reverse: 1
Total time for backward call to driver() for mirror index: 00:27:15
Building standard index (T2T-CHM13v2.0)...
This will download ~3GB and may take 30-60 minutes.
Done.
