[setup 10:33:24] downloading miniforge
[setup 10:34:45] installing miniforge to /home/adeel/hostsweep/miniforge3
PREFIX=/home/adeel/hostsweep/miniforge3
Unpacking bootstrapper...
Unpacking payload...
Extracting ca-certificates-2026.7.22-hbd8a1cb_0.conda
Extracting libgomp-16.1.0-he0feb66_1.conda
Extracting libzlib-1.3.2-h25fd6f3_3.conda
Extracting nlohmann_json-abi-3.12.0-h0f90c79_2.conda
Extracting pybind11-abi-11-hc364b38_1.conda
Extracting python_abi-3.14-8_cp314.conda
Extracting tzdata-2026c-h151e31d_0.conda
Extracting _openmp_mutex-4.5-20_gnu.conda
Extracting zstd-1.5.7-hb78ec9c_7.conda
Extracting ld_impl_linux-64-2.46.1-default_hbd61a6d_102.conda
Extracting libgcc-16.1.0-ha9f2e26_1.conda
Extracting bzip2-1.0.8-hda65f42_10.conda
Extracting c-ares-1.34.8-h280c20c_1.conda
Extracting keyutils-1.6.3-h7cc23a3_1.conda
Extracting libev-4.33-h280c20c_3.conda
Extracting libexpat-2.8.1-hecca717_1.conda
Extracting libffi-3.7.0-h3435931_0.conda
Extracting libiconv-1.18-h3b78370_2.conda
Extracting liblzma-5.8.3-hb03c661_1.conda
Extracting libmpdec-4.0.0-hb03c661_2.conda
Extracting libstdcxx-16.1.0-h934c35e_1.conda
Extracting libuuid-2.42.2-h5347b49_0.conda
Extracting lzo-2.10-h280c20c_1002.conda
Extracting ncurses-6.6-hdb14827_1.conda
Extracting openssl-3.6.3-h35e630c_1.conda
Extracting reproc-14.2.7.post0-h54a6638_2.conda
Extracting tk-8.6.13-noxft_hd70dff1_3.conda
Extracting cpp-expected-1.3.1-h171cf75_1.conda
Extracting fmt-12.1.0-h76c4fd7_1.conda
Extracting icu-78.3-py310h44b86e0_2.conda
Extracting libedit-3.1.20250104-pl5321h373387f_1.conda
Extracting libnghttp2-1.68.1-h877daf1_0.conda
Extracting libsolv-0.7.39-h9463b59_0.conda
Extracting libssh2-1.11.1-h6154650_1.conda
Extracting lz4-c-1.10.0-hee9eb32_2.conda
Extracting readline-8.3-h853b02a_0.conda
Extracting reproc-cpp-14.2.7.post0-h50b1954_2.conda
Extracting simdjson-4.2.4-hb700be7_0.conda
Extracting yaml-cpp-0.8.0-h54a6638_1.conda
Extracting krb5-1.22.2-hbc21106_2.conda
Extracting libpsl-0.23.1-hf670292_0.conda
Extracting libsqlite-3.53.4-hf4e2dac_0.conda
Extracting libxml2-16-2.15.3-hca6bf5a_0.conda
Extracting spdlog-1.17.0-hb6aa676_2.conda
Extracting libcurl-8.21.0-heca4667_4.conda
Extracting libxml2-2.15.3-h49c6c72_0.conda
Extracting python-3.14.6-h242f9ac_102_cp314.conda
Extracting libarchive-3.8.9-gpl_hc2c16d8_100.conda
Extracting tomli-w-1.2.0-pyhd8ed1ab_0.conda
Extracting libmamba-2.5.0-hd28c85e_0.conda
Extracting menuinst-2.5.2-py314h9e666f3_1.conda
Extracting archspec-0.2.5-pyhd8ed1ab_0.conda
Extracting backports.zstd-1.6.0-py314h680f03e_0.conda
Extracting boltons-26.1.0-pyhd8ed1ab_0.conda
Extracting brotli-python-1.2.0-py314hcd2bdb6_3.conda
Extracting cached_property-1.5.2-pyha770c72_2.conda
Extracting certifi-2026.7.22-pyhd8ed1ab_0.conda
Extracting charset-normalizer-3.5.0-pyhd8ed1ab_0.conda
Extracting colorama-0.4.6-pyhd8ed1ab_1.conda
Extracting cpython-3.14.6-py314hd8ed1ab_102.conda
Extracting distro-1.9.0-pyhd8ed1ab_1.conda
Extracting filelock-3.32.3-pyhd8ed1ab_0.conda
Extracting frozendict-2.4.7-pyh851646a_2.conda
Extracting hpack-4.2.0-pyhd8ed1ab_0.conda
Extracting hyperframe-6.1.0-pyhd8ed1ab_0.conda
Extracting idna-3.18-pyhcf101f3_0.conda
Extracting jsonpointer-3.1.1-pyhcf101f3_0.conda
Extracting libmamba-spdlog-2.5.0-h12fcf84_0.conda
Extracting mamba-2.5.0-h9835478_0.conda
Extracting markupsafe-3.0.3-py314h67df5f8_1.conda
Extracting msgpack-python-1.2.1-py314h97ea11e_1.conda
Extracting packaging-26.3-pyhc364b38_0.conda
Extracting pip-26.2.1-pyh145f28c_0.conda
Extracting platformdirs-4.11.3-pyhcf101f3_0.conda
Extracting pluggy-1.6.0-pyhf9edf01_1.conda
Extracting pycosat-0.6.6-py314h5bd0f2a_4.conda
Extracting pycparser-3.0-pyhcf101f3_0.conda
Extracting pysocks-1.7.1-pyha55dd90_7.conda
Extracting python-installer-1.0.1-pyh332efcf_0.conda
Extracting ruamel.yaml.clib-0.2.15-py314h0f05182_1.conda
Extracting setuptools-84.0.0-pyh332efcf_0.conda
Extracting sniffio-1.3.1-pyhd8ed1ab_2.conda
Extracting tomli-2.4.1-pyhcf101f3_0.conda
Extracting tqdm-4.70.0-pyh8f84b5b_0.conda
Extracting truststore-0.10.4-pyhcf101f3_0.conda
Extracting typing_extensions-4.16.0-pyhcf101f3_0.conda
Extracting zipp-4.1.0-pyhcf101f3_0.conda
Extracting cached-property-1.5.2-hd8ed1ab_2.conda
Extracting cffi-2.1.1-py314h8d76f0c_2.conda
Extracting conda-package-streaming-0.13.0-pyhd8ed1ab_0.conda
Extracting exceptiongroup-1.3.1-pyhd8ed1ab_0.conda
Extracting h11-0.16.0-pyhcf101f3_1.conda
Extracting h2-4.4.1-pyhcf101f3_0.conda
Extracting importlib-metadata-9.0.0-pyhcf101f3_0.conda
Extracting jinja2-3.1.6-pyhcf101f3_1.conda
Extracting jsonpatch-1.33-pyhd8ed1ab_1.conda
Extracting libmambapy-2.5.0-py314hcbd71af_0.conda
Extracting pyproject_hooks-1.2.0-pyhd8ed1ab_1.conda
Extracting python-gil-3.14.6-h4df99d1_102.conda
Extracting ruamel.yaml-0.18.17-py314h0f05182_2.conda
Extracting typing-extensions-4.16.0-h69aa097_0.conda
Extracting typing-inspection-0.4.3-pyhcf101f3_0.conda
Extracting _python_abi3_support-1.0-hd8ed1ab_3.conda
Extracting annotated-types-0.8.0-pyhd8ed1ab_0.conda
Extracting anyio-4.14.2-pyhcf101f3_0.conda
Extracting conda-libmamba-solver-26.7.0-pyhcf101f3_0.conda
Extracting pydantic-core-2.46.4-py314h2e6c369_0.conda
Extracting python-build-1.5.0-pyhc364b38_0.conda
Extracting urllib3-2.7.0-pyhd8ed1ab_0.conda
Extracting zstandard-0.25.0-py314h0f05182_1.conda
Extracting httpcore-1.0.9-pyh29332c3_0.conda
Extracting py-rattler-0.25.0-py310h70157a2_2.conda
Extracting pydantic-2.13.4-pyhcf101f3_0.conda
Extracting requests-2.34.2-pyhcf101f3_0.conda
Extracting conda-package-handling-2.5.0-pyhcf101f3_0.conda
Extracting httpx-0.28.1-pyhd8ed1ab_0.conda
Extracting unearth-0.18.2-pyhd8ed1ab_0.conda
Extracting conda-pypi-0.11.0-py314h9e666f3_1.conda
Extracting conda-index-0.12.1-pyhd8ed1ab_0.conda
Extracting conda-lockfiles-0.2.1-pyhd8ed1ab_0.conda
Extracting conda-rattler-solver-0.1.1-pyhcf101f3_0.conda
Extracting conda-26.5.3-py314h9e666f3_2.conda
Extracting conda-self-0.2.1-pyhd8ed1ab_0.conda

Installing base environment...

Transaction

  Prefix: /home/adeel/hostsweep/miniforge3

  Updating specs:

   - ca-certificates==2026.7.22=hbd8a1cb_0
   - libgomp==16.1.0=he0feb66_1
   - libzlib==1.3.2=h25fd6f3_3
   - nlohmann_json-abi==3.12.0=h0f90c79_2
   - pybind11-abi==11=hc364b38_1
   - python_abi==3.14=8_cp314
   - tzdata==2026c=h151e31d_0
   - _openmp_mutex==4.5=20_gnu
   - zstd==1.5.7=hb78ec9c_7
   - ld_impl_linux-64==2.46.1=default_hbd61a6d_102
   - libgcc==16.1.0=ha9f2e26_1
   - bzip2==1.0.8=hda65f42_10
   - c-ares==1.34.8=h280c20c_1
   - keyutils==1.6.3=h7cc23a3_1
   - libev==4.33=h280c20c_3
   - libexpat==2.8.1=hecca717_1
   - libffi==3.7.0=h3435931_0
   - libiconv==1.18=h3b78370_2
   - liblzma==5.8.3=hb03c661_1
   - libmpdec==4.0.0=hb03c661_2
   - libstdcxx==16.1.0=h934c35e_1
   - libuuid==2.42.2=h5347b49_0
   - lzo==2.10=h280c20c_1002
   - ncurses==6.6=hdb14827_1
   - openssl==3.6.3=h35e630c_1
   - reproc==14.2.7.post0=h54a6638_2
   - tk==8.6.13=noxft_hd70dff1_3
   - cpp-expected==1.3.1=h171cf75_1
   - fmt==12.1.0=h76c4fd7_1
   - icu==78.3=py310h44b86e0_2
   - libedit==3.1.20250104=pl5321h373387f_1
   - libnghttp2==1.68.1=h877daf1_0
   - libsolv==0.7.39=h9463b59_0
   - libssh2==1.11.1=h6154650_1
   - lz4-c==1.10.0=hee9eb32_2
   - readline==8.3=h853b02a_0
   - reproc-cpp==14.2.7.post0=h50b1954_2
   - simdjson==4.2.4=hb700be7_0
   - yaml-cpp==0.8.0=h54a6638_1
   - krb5==1.22.2=hbc21106_2
   - libpsl==0.23.1=hf670292_0
   - libsqlite==3.53.4=hf4e2dac_0
   - libxml2-16==2.15.3=hca6bf5a_0
   - spdlog==1.17.0=hb6aa676_2
   - libcurl==8.21.0=heca4667_4
   - libxml2==2.15.3=h49c6c72_0
   - python==3.14.6=h242f9ac_102_cp314
   - libarchive==3.8.9=gpl_hc2c16d8_100
   - tomli-w==1.2.0=pyhd8ed1ab_0
   - libmamba==2.5.0=hd28c85e_0
   - menuinst==2.5.2=py314h9e666f3_1
   - archspec==0.2.5=pyhd8ed1ab_0
   - backports.zstd==1.6.0=py314h680f03e_0
   - boltons==26.1.0=pyhd8ed1ab_0
   - brotli-python==1.2.0=py314hcd2bdb6_3
   - cached_property==1.5.2=pyha770c72_2
   - certifi==2026.7.22=pyhd8ed1ab_0
   - charset-normalizer==3.5.0=pyhd8ed1ab_0
   - colorama==0.4.6=pyhd8ed1ab_1
   - cpython==3.14.6=py314hd8ed1ab_102
   - distro==1.9.0=pyhd8ed1ab_1
   - filelock==3.32.3=pyhd8ed1ab_0
   - frozendict==2.4.7=pyh851646a_2
   - hpack==4.2.0=pyhd8ed1ab_0
   - hyperframe==6.1.0=pyhd8ed1ab_0
   - idna==3.18=pyhcf101f3_0
   - jsonpointer==3.1.1=pyhcf101f3_0
   - libmamba-spdlog==2.5.0=h12fcf84_0
   - mamba==2.5.0=h9835478_0
   - markupsafe==3.0.3=py314h67df5f8_1
   - msgpack-python==1.2.1=py314h97ea11e_1
   - packaging==26.3=pyhc364b38_0
   - pip==26.2.1=pyh145f28c_0
   - platformdirs==4.11.3=pyhcf101f3_0
   - pluggy==1.6.0=pyhf9edf01_1
   - pycosat==0.6.6=py314h5bd0f2a_4
   - pycparser==3.0=pyhcf101f3_0
   - pysocks==1.7.1=pyha55dd90_7
   - python-installer==1.0.1=pyh332efcf_0
   - ruamel.yaml.clib==0.2.15=py314h0f05182_1
   - setuptools==84.0.0=pyh332efcf_0
   - sniffio==1.3.1=pyhd8ed1ab_2
   - tomli==2.4.1=pyhcf101f3_0
   - tqdm==4.70.0=pyh8f84b5b_0
   - truststore==0.10.4=pyhcf101f3_0
   - typing_extensions==4.16.0=pyhcf101f3_0
   - zipp==4.1.0=pyhcf101f3_0
   - cached-property==1.5.2=hd8ed1ab_2
   - cffi==2.1.1=py314h8d76f0c_2
   - conda-package-streaming==0.13.0=pyhd8ed1ab_0
   - exceptiongroup==1.3.1=pyhd8ed1ab_0
   - h11==0.16.0=pyhcf101f3_1
   - h2==4.4.1=pyhcf101f3_0
   - importlib-metadata==9.0.0=pyhcf101f3_0
   - jinja2==3.1.6=pyhcf101f3_1
   - jsonpatch==1.33=pyhd8ed1ab_1
   - libmambapy==2.5.0=py314hcbd71af_0
   - pyproject_hooks==1.2.0=pyhd8ed1ab_1
   - python-gil==3.14.6=h4df99d1_102
   - ruamel.yaml==0.18.17=py314h0f05182_2
   - typing-extensions==4.16.0=h69aa097_0
   - typing-inspection==0.4.3=pyhcf101f3_0
   - _python_abi3_support==1.0=hd8ed1ab_3
   - annotated-types==0.8.0=pyhd8ed1ab_0
   - anyio==4.14.2=pyhcf101f3_0
   - conda-libmamba-solver==26.7.0=pyhcf101f3_0
   - pydantic-core==2.46.4=py314h2e6c369_0
   - python-build==1.5.0=pyhc364b38_0
   - urllib3==2.7.0=pyhd8ed1ab_0
   - zstandard==0.25.0=py314h0f05182_1
   - httpcore==1.0.9=pyh29332c3_0
   - py-rattler==0.25.0=py310h70157a2_2
   - pydantic==2.13.4=pyhcf101f3_0
   - requests==2.34.2=pyhcf101f3_0
   - conda-package-handling==2.5.0=pyhcf101f3_0
   - httpx==0.28.1=pyhd8ed1ab_0
   - unearth==0.18.2=pyhd8ed1ab_0
   - conda-pypi==0.11.0=py314h9e666f3_1
   - conda-index==0.12.1=pyhd8ed1ab_0
   - conda-lockfiles==0.2.1=pyhd8ed1ab_0
   - conda-rattler-solver==0.1.1=pyhcf101f3_0
   - conda==26.5.3=py314h9e666f3_2
   - conda-self==0.2.1=pyhd8ed1ab_0


  Package                         Version  Build                 Channel         Size
───────────────────────────────────────────────────────────────────────────────────────
  Install:
───────────────────────────────────────────────────────────────────────────────────────

  + _openmp_mutex                     4.5  20_gnu                conda-forge         
  + _python_abi3_support              1.0  hd8ed1ab_3            conda-forge         
  + annotated-types                 0.8.0  pyhd8ed1ab_0          conda-forge         
  + anyio                          4.14.2  pyhcf101f3_0          conda-forge         
  + archspec                        0.2.5  pyhd8ed1ab_0          conda-forge         
  + backports.zstd                  1.6.0  py314h680f03e_0       conda-forge         
  + boltons                        26.1.0  pyhd8ed1ab_0          conda-forge         
  + brotli-python                   1.2.0  py314hcd2bdb6_3       conda-forge         
  + bzip2                           1.0.8  hda65f42_10           conda-forge         
  + c-ares                         1.34.8  h280c20c_1            conda-forge         
  + ca-certificates             2026.7.22  hbd8a1cb_0            conda-forge         
  + cached-property                 1.5.2  hd8ed1ab_2            conda-forge         
  + cached_property                 1.5.2  pyha770c72_2          conda-forge         
  + certifi                     2026.7.22  pyhd8ed1ab_0          conda-forge         
  + cffi                            2.1.1  py314h8d76f0c_2       conda-forge         
  + charset-normalizer              3.5.0  pyhd8ed1ab_0          conda-forge         
  + colorama                        0.4.6  pyhd8ed1ab_1          conda-forge         
  + conda                          26.5.3  py314h9e666f3_2       conda-forge         
  + conda-index                    0.12.1  pyhd8ed1ab_0          conda-forge         
  + conda-libmamba-solver          26.7.0  pyhcf101f3_0          conda-forge         
  + conda-lockfiles                 0.2.1  pyhd8ed1ab_0          conda-forge         
  + conda-package-handling          2.5.0  pyhcf101f3_0          conda-forge         
  + conda-package-streaming        0.13.0  pyhd8ed1ab_0          conda-forge         
  + conda-pypi                     0.11.0  py314h9e666f3_1       conda-forge         
  + conda-rattler-solver            0.1.1  pyhcf101f3_0          conda-forge         
  + conda-self                      0.2.1  pyhd8ed1ab_0          conda-forge         
  + cpp-expected                    1.3.1  h171cf75_1            conda-forge         
  + cpython                        3.14.6  py314hd8ed1ab_102     conda-forge         
  + distro                          1.9.0  pyhd8ed1ab_1          conda-forge         
  + exceptiongroup                  1.3.1  pyhd8ed1ab_0          conda-forge         
  + filelock                       3.32.3  pyhd8ed1ab_0          conda-forge         
  + fmt                            12.1.0  h76c4fd7_1            conda-forge         
  + frozendict                      2.4.7  pyh851646a_2          conda-forge         
  + h11                            0.16.0  pyhcf101f3_1          conda-forge         
  + h2                              4.4.1  pyhcf101f3_0          conda-forge         
  + hpack                           4.2.0  pyhd8ed1ab_0          conda-forge         
  + httpcore                        1.0.9  pyh29332c3_0          conda-forge         
  + httpx                          0.28.1  pyhd8ed1ab_0          conda-forge         
  + hyperframe                      6.1.0  pyhd8ed1ab_0          conda-forge         
  + icu                              78.3  py310h44b86e0_2       conda-forge         
  + idna                             3.18  pyhcf101f3_0          conda-forge         
  + importlib-metadata              9.0.0  pyhcf101f3_0          conda-forge         
  + jinja2                          3.1.6  pyhcf101f3_1          conda-forge         
  + jsonpatch                        1.33  pyhd8ed1ab_1          conda-forge         
  + jsonpointer                     3.1.1  pyhcf101f3_0          conda-forge         
  + keyutils                        1.6.3  h7cc23a3_1            conda-forge         
  + krb5                           1.22.2  hbc21106_2            conda-forge         
  + ld_impl_linux-64               2.46.1  default_hbd61a6d_102  conda-forge         
  + libarchive                      3.8.9  gpl_hc2c16d8_100      conda-forge         
  + libcurl                        8.21.0  heca4667_4            conda-forge         
  + libedit                  3.1.20250104  pl5321h373387f_1      conda-forge         
  + libev                            4.33  h280c20c_3            conda-forge         
  + libexpat                        2.8.1  hecca717_1            conda-forge         
  + libffi                          3.7.0  h3435931_0            conda-forge         
  + libgcc                         16.1.0  ha9f2e26_1            conda-forge         
  + libgomp                        16.1.0  he0feb66_1            conda-forge         
  + libiconv                         1.18  h3b78370_2            conda-forge         
  + liblzma                         5.8.3  hb03c661_1            conda-forge         
  + libmamba                        2.5.0  hd28c85e_0            conda-forge         
  + libmamba-spdlog                 2.5.0  h12fcf84_0            conda-forge         
  + libmambapy                      2.5.0  py314hcbd71af_0       conda-forge         
  + libmpdec                        4.0.0  hb03c661_2            conda-forge         
  + libnghttp2                     1.68.1  h877daf1_0            conda-forge         
  + libpsl                         0.23.1  hf670292_0            conda-forge         
  + libsolv                        0.7.39  h9463b59_0            conda-forge         
  + libsqlite                      3.53.4  hf4e2dac_0            conda-forge         
  + libssh2                        1.11.1  h6154650_1            conda-forge         
  + libstdcxx                      16.1.0  h934c35e_1            conda-forge         
  + libuuid                        2.42.2  h5347b49_0            conda-forge         
  + libxml2                        2.15.3  h49c6c72_0            conda-forge         
  + libxml2-16                     2.15.3  hca6bf5a_0            conda-forge         
  + libzlib                         1.3.2  h25fd6f3_3            conda-forge         
  + lz4-c                          1.10.0  hee9eb32_2            conda-forge         
  + lzo                              2.10  h280c20c_1002         conda-forge         
  + mamba                           2.5.0  h9835478_0            conda-forge         
  + markupsafe                      3.0.3  py314h67df5f8_1       conda-forge         
  + menuinst                        2.5.2  py314h9e666f3_1       conda-forge         
  + msgpack-python                  1.2.1  py314h97ea11e_1       conda-forge         
  + ncurses                           6.6  hdb14827_1            conda-forge         
  + nlohmann_json-abi              3.12.0  h0f90c79_2            conda-forge         
  + openssl                         3.6.3  h35e630c_1            conda-forge         
  + packaging                        26.3  pyhc364b38_0          conda-forge         
  + pip                            26.2.1  pyh145f28c_0          conda-forge         
  + platformdirs                   4.11.3  pyhcf101f3_0          conda-forge         
  + pluggy                          1.6.0  pyhf9edf01_1          conda-forge         
  + py-rattler                     0.25.0  py310h70157a2_2       conda-forge         
  + pybind11-abi                       11  hc364b38_1            conda-forge         
  + pycosat                         0.6.6  py314h5bd0f2a_4       conda-forge         
  + pycparser                         3.0  pyhcf101f3_0          conda-forge         
  + pydantic                       2.13.4  pyhcf101f3_0          conda-forge         
  + pydantic-core                  2.46.4  py314h2e6c369_0       conda-forge         
  + pyproject_hooks                 1.2.0  pyhd8ed1ab_1          conda-forge         
  + pysocks                         1.7.1  pyha55dd90_7          conda-forge         
  + python                         3.14.6  h242f9ac_102_cp314    conda-forge         
  + python-build                    1.5.0  pyhc364b38_0          conda-forge         
  + python-gil                     3.14.6  h4df99d1_102          conda-forge         
  + python-installer                1.0.1  pyh332efcf_0          conda-forge         
  + python_abi                       3.14  8_cp314               conda-forge         
  + readline                          8.3  h853b02a_0            conda-forge         
  + reproc                   14.2.7.post0  h54a6638_2            conda-forge         
  + reproc-cpp               14.2.7.post0  h50b1954_2            conda-forge         
  + requests                       2.34.2  pyhcf101f3_0          conda-forge         
  + ruamel.yaml                   0.18.17  py314h0f05182_2       conda-forge         
  + ruamel.yaml.clib               0.2.15  py314h0f05182_1       conda-forge         
  + setuptools                     84.0.0  pyh332efcf_0          conda-forge         
  + simdjson                        4.2.4  hb700be7_0            conda-forge         
  + sniffio                         1.3.1  pyhd8ed1ab_2          conda-forge         
  + spdlog                         1.17.0  hb6aa676_2            conda-forge         
  + tk                             8.6.13  noxft_hd70dff1_3      conda-forge         
  + tomli                           2.4.1  pyhcf101f3_0          conda-forge         
  + tomli-w                         1.2.0  pyhd8ed1ab_0          conda-forge         
  + tqdm                           4.70.0  pyh8f84b5b_0          conda-forge         
  + truststore                     0.10.4  pyhcf101f3_0          conda-forge         
  + typing-extensions              4.16.0  h69aa097_0            conda-forge         
  + typing-inspection               0.4.3  pyhcf101f3_0          conda-forge         
  + typing_extensions              4.16.0  pyhcf101f3_0          conda-forge         
  + tzdata                          2026c  h151e31d_0            conda-forge         
  + unearth                        0.18.2  pyhd8ed1ab_0          conda-forge         
  + urllib3                         2.7.0  pyhd8ed1ab_0          conda-forge         
  + yaml-cpp                        0.8.0  h54a6638_1            conda-forge         
  + zipp                            4.1.0  pyhcf101f3_0          conda-forge         
  + zstandard                      0.25.0  py314h0f05182_1       conda-forge         
  + zstd                            1.5.7  hb78ec9c_7            conda-forge         

  Summary:

  Install: 123 packages

  Total download: 0 B

───────────────────────────────────────────────────────────────────────────────────────



Transaction starting
Linking ca-certificates-2026.7.22-hbd8a1cb_0
Linking libgomp-16.1.0-he0feb66_1
Linking libzlib-1.3.2-h25fd6f3_3
Linking nlohmann_json-abi-3.12.0-h0f90c79_2
Linking pybind11-abi-11-hc364b38_1
Linking python_abi-3.14-8_cp314
Linking tzdata-2026c-h151e31d_0
Linking _openmp_mutex-4.5-20_gnu
Linking zstd-1.5.7-hb78ec9c_7
Linking ld_impl_linux-64-2.46.1-default_hbd61a6d_102
Linking libgcc-16.1.0-ha9f2e26_1
Linking bzip2-1.0.8-hda65f42_10
Linking c-ares-1.34.8-h280c20c_1
Linking keyutils-1.6.3-h7cc23a3_1
Linking libev-4.33-h280c20c_3
Linking libexpat-2.8.1-hecca717_1
Linking libffi-3.7.0-h3435931_0
Linking libiconv-1.18-h3b78370_2
Linking liblzma-5.8.3-hb03c661_1
Linking libmpdec-4.0.0-hb03c661_2
Linking libstdcxx-16.1.0-h934c35e_1
Linking libuuid-2.42.2-h5347b49_0
Linking lzo-2.10-h280c20c_1002
Linking ncurses-6.6-hdb14827_1
Linking openssl-3.6.3-h35e630c_1
Linking reproc-14.2.7.post0-h54a6638_2
Linking tk-8.6.13-noxft_hd70dff1_3
Linking cpp-expected-1.3.1-h171cf75_1
Linking fmt-12.1.0-h76c4fd7_1
Linking icu-78.3-py310h44b86e0_2
Linking libedit-3.1.20250104-pl5321h373387f_1
Linking libnghttp2-1.68.1-h877daf1_0
Linking libsolv-0.7.39-h9463b59_0
Linking libssh2-1.11.1-h6154650_1
Linking lz4-c-1.10.0-hee9eb32_2
Linking readline-8.3-h853b02a_0
Linking reproc-cpp-14.2.7.post0-h50b1954_2
Linking simdjson-4.2.4-hb700be7_0
Linking yaml-cpp-0.8.0-h54a6638_1
Linking krb5-1.22.2-hbc21106_2
Linking libpsl-0.23.1-hf670292_0
Linking libsqlite-3.53.4-hf4e2dac_0
Linking libxml2-16-2.15.3-hca6bf5a_0
Linking spdlog-1.17.0-hb6aa676_2
Linking libcurl-8.21.0-heca4667_4
Linking libxml2-2.15.3-h49c6c72_0
Linking python-3.14.6-h242f9ac_102_cp314
Linking libarchive-3.8.9-gpl_hc2c16d8_100
Linking tomli-w-1.2.0-pyhd8ed1ab_0
Linking libmamba-2.5.0-hd28c85e_0
Linking menuinst-2.5.2-py314h9e666f3_1
Linking archspec-0.2.5-pyhd8ed1ab_0
Linking backports.zstd-1.6.0-py314h680f03e_0
Linking boltons-26.1.0-pyhd8ed1ab_0
Linking brotli-python-1.2.0-py314hcd2bdb6_3
Linking cached_property-1.5.2-pyha770c72_2
Linking certifi-2026.7.22-pyhd8ed1ab_0
Linking charset-normalizer-3.5.0-pyhd8ed1ab_0
Linking colorama-0.4.6-pyhd8ed1ab_1
Linking cpython-3.14.6-py314hd8ed1ab_102
Linking distro-1.9.0-pyhd8ed1ab_1
Linking filelock-3.32.3-pyhd8ed1ab_0
Linking frozendict-2.4.7-pyh851646a_2
Linking hpack-4.2.0-pyhd8ed1ab_0
Linking hyperframe-6.1.0-pyhd8ed1ab_0
Linking idna-3.18-pyhcf101f3_0
Linking jsonpointer-3.1.1-pyhcf101f3_0
Linking libmamba-spdlog-2.5.0-h12fcf84_0
Linking mamba-2.5.0-h9835478_0
Linking markupsafe-3.0.3-py314h67df5f8_1
Linking msgpack-python-1.2.1-py314h97ea11e_1
Linking packaging-26.3-pyhc364b38_0
Linking pip-26.2.1-pyh145f28c_0
Linking platformdirs-4.11.3-pyhcf101f3_0
Linking pluggy-1.6.0-pyhf9edf01_1
Linking pycosat-0.6.6-py314h5bd0f2a_4
Linking pycparser-3.0-pyhcf101f3_0
Linking pysocks-1.7.1-pyha55dd90_7
Linking python-installer-1.0.1-pyh332efcf_0
Linking ruamel.yaml.clib-0.2.15-py314h0f05182_1
Linking setuptools-84.0.0-pyh332efcf_0
Linking sniffio-1.3.1-pyhd8ed1ab_2
Linking tomli-2.4.1-pyhcf101f3_0
Linking tqdm-4.70.0-pyh8f84b5b_0
Linking truststore-0.10.4-pyhcf101f3_0
Linking typing_extensions-4.16.0-pyhcf101f3_0
Linking zipp-4.1.0-pyhcf101f3_0
Linking cached-property-1.5.2-hd8ed1ab_2
Linking cffi-2.1.1-py314h8d76f0c_2
Linking conda-package-streaming-0.13.0-pyhd8ed1ab_0
Linking exceptiongroup-1.3.1-pyhd8ed1ab_0
Linking h11-0.16.0-pyhcf101f3_1
Linking h2-4.4.1-pyhcf101f3_0
Linking importlib-metadata-9.0.0-pyhcf101f3_0
Linking jinja2-3.1.6-pyhcf101f3_1
Linking jsonpatch-1.33-pyhd8ed1ab_1
Linking libmambapy-2.5.0-py314hcbd71af_0
Linking pyproject_hooks-1.2.0-pyhd8ed1ab_1
Linking python-gil-3.14.6-h4df99d1_102
Linking ruamel.yaml-0.18.17-py314h0f05182_2
Linking typing-extensions-4.16.0-h69aa097_0
Linking typing-inspection-0.4.3-pyhcf101f3_0
Linking _python_abi3_support-1.0-hd8ed1ab_3
Linking annotated-types-0.8.0-pyhd8ed1ab_0
Linking anyio-4.14.2-pyhcf101f3_0
Linking conda-libmamba-solver-26.7.0-pyhcf101f3_0
Linking pydantic-core-2.46.4-py314h2e6c369_0
Linking python-build-1.5.0-pyhc364b38_0
Linking urllib3-2.7.0-pyhd8ed1ab_0
Linking zstandard-0.25.0-py314h0f05182_1
Linking httpcore-1.0.9-pyh29332c3_0
Linking py-rattler-0.25.0-py310h70157a2_2
Linking pydantic-2.13.4-pyhcf101f3_0
Linking requests-2.34.2-pyhcf101f3_0
Linking conda-package-handling-2.5.0-pyhcf101f3_0
Linking httpx-0.28.1-pyhd8ed1ab_0
Linking unearth-0.18.2-pyhd8ed1ab_0
Linking conda-pypi-0.11.0-py314h9e666f3_1
Linking conda-index-0.12.1-pyhd8ed1ab_0
Linking conda-lockfiles-0.2.1-pyhd8ed1ab_0
Linking conda-rattler-solver-0.1.1-pyhcf101f3_0
Linking conda-26.5.3-py314h9e666f3_2
Linking conda-self-0.2.1-pyhd8ed1ab_0

Transaction finished

installation finished.
[setup 10:34:53] installed: conda 26.5.3
[setup 10:34:54] cloning https://github.com/Adeel2208/HostSweep.git
[setup 10:34:57] repo at bcae09a
